#
# There is insufficient memory for the Java Runtime Environment to continue.
# Native memory allocation (mmap) failed to map 65536 bytes for Failed to commit metaspace.
# Possible reasons:
#   The system is out of physical RAM or swap space
#   The process is running with CompressedOops enabled, and the Java Heap may be blocking the growth of the native heap
# Possible solutions:
#   Reduce memory load on the system
#   Increase physical memory or swap space
#   Check if swap backing store is full
#   Decrease Java heap size (-Xmx/-Xms)
#   Decrease number of Java threads
#   Decrease Java thread stack sizes (-Xss)
#   Set larger code cache with -XX:ReservedCodeCacheSize=
#   JVM is running with Unscaled Compressed Oops mode in which the Java heap is
#     placed in the first 4GB address space. The Java Heap base address is the
#     maximum limit for the native heap growth. Please use -XX:HeapBaseMinAddress
#     to set the Java Heap base and to place the Java Heap above 4GB virtual address.
# This output file may be truncated or incomplete.
#
#  Out of Memory Error (virtualSpaceNode.cpp:112), pid=23276, tid=22924
#
# JRE version: Java(TM) SE Runtime Environment (21.0.1+12) (build 21.0.1+12-LTS-29)
# Java VM: Java HotSpot(TM) 64-Bit Server VM (21.0.1+12-LTS-29, mixed mode, emulated-client, sharing, tiered, compressed oops, compressed class ptrs, g1 gc, windows-amd64)
# No core dump will be written. Minidumps are not enabled by default on client versions of Windows
#

---------------  S U M M A R Y ------------

Command Line: -Dcom.sun.management.jmxremote -Dcom.sun.management.jmxremote.port=58318 -Dcom.sun.management.jmxremote.authenticate=false -Dcom.sun.management.jmxremote.ssl=false -Djava.rmi.server.hostname=localhost -Dspring.jmx.enabled=true -Dmanagement.endpoints.jmx.exposure.include=* -Dspring.application.admin.enabled=true -Dspring.output.ansi.enabled=always -XX:TieredStopAtLevel=1 -Dspring.boot.project.name=Api-Gateway -Dfile.encoding=UTF-8 -Dstdout.encoding=UTF-8 -Dstderr.encoding=UTF-8 -XX:+ShowCodeDetailsInExceptionMessages com.lpu.Api_Gateway.ApiGatewayApplication

Host: AMD Ryzen 5 5500U with Radeon Graphics         , 12 cores, 7G,  Windows 11 , 64 bit Build 26100 (10.0.26100.7623)
Time: Tue Mar 10 12:15:32 2026 India Standard Time elapsed time: 2.127078 seconds (0d 0h 0m 2s)

---------------  T H R E A D  ---------------

Current thread (0x0000019400550330):  JavaThread "RMI TCP Connection(1)-127.0.0.1" daemon [_thread_in_vm, id=22924, stack(0x000000687d400000,0x000000687d500000) (1024K)]

Stack: [0x000000687d400000,0x000000687d500000]
Native frames: (J=compiled Java code, j=interpreted, Vv=VM code, C=native code)
V  [jvm.dll+0x6c9029]
V  [jvm.dll+0x854b81]
V  [jvm.dll+0x856e5e]
V  [jvm.dll+0x857543]
V  [jvm.dll+0x280c06]
V  [jvm.dll+0x8508ae]
V  [jvm.dll+0x66ca45]
V  [jvm.dll+0x66caaa]
V  [jvm.dll+0x66f2a6]
V  [jvm.dll+0x66f172]
V  [jvm.dll+0x66d41e]
V  [jvm.dll+0x27db26]
V  [jvm.dll+0x71e545]
V  [jvm.dll+0x71f08f]
V  [jvm.dll+0x3c297f]
V  [jvm.dll+0x3c1a27]
V  [jvm.dll+0x3c19c8]
V  [jvm.dll+0x5d34b9]
V  [jvm.dll+0x5d23bc]
V  [jvm.dll+0x3d7360]
V  [jvm.dll+0x3d69dd]
C  0x0000019431618435

The last pc belongs to invokestatic (printed below).
Java frames: (J=compiled Java code, j=interpreted, Vv=VM code)
j  java.rmi.server.RMIClassLoader$2.getClassAnnotation(Ljava/lang/Class;)Ljava/lang/String;+1 java.rmi@21.0.1
j  java.rmi.server.RMIClassLoader.getClassAnnotation(Ljava/lang/Class;)Ljava/lang/String;+4 java.rmi@21.0.1
j  sun.rmi.server.MarshalOutputStream.annotateClass(Ljava/lang/Class;)V+2 java.rmi@21.0.1
j  java.io.ObjectOutputStream.writeNonProxyDesc(Ljava/io/ObjectStreamClass;Z)V+78 java.base@21.0.1
j  java.io.ObjectOutputStream.writeClassDesc(Ljava/io/ObjectStreamClass;Z)V+56 java.base@21.0.1
j  java.io.ObjectOutputStream.writeOrdinaryObject(Ljava/lang/Object;Ljava/io/ObjectStreamClass;Z)V+94 java.base@21.0.1
j  java.io.ObjectOutputStream.writeObject0(Ljava/lang/Object;Z)V+506 java.base@21.0.1
j  java.io.ObjectOutputStream.writeObject(Ljava/lang/Object;)V+16 java.base@21.0.1
j  sun.rmi.registry.RegistryImpl_Skel.dispatch(Ljava/rmi/Remote;Ljava/rmi/server/RemoteCall;IJ)V+385 java.rmi@21.0.1
j  sun.rmi.server.UnicastServerRef.oldDispatch(Ljava/rmi/Remote;Ljava/rmi/server/RemoteCall;I)V+127 java.rmi@21.0.1
j  sun.rmi.server.UnicastServerRef.dispatch(Ljava/rmi/Remote;Ljava/rmi/server/RemoteCall;)V+44 java.rmi@21.0.1
j  sun.rmi.transport.Transport$1.run()Ljava/lang/Void;+23 java.rmi@21.0.1
j  sun.rmi.transport.Transport$1.run()Ljava/lang/Object;+1 java.rmi@21.0.1
J 1097 c1 java.security.AccessController.executePrivileged(Ljava/security/PrivilegedExceptionAction;Ljava/security/AccessControlContext;Ljava/lang/Class;)Ljava/lang/Object; java.base@21.0.1 (65 bytes) @ 0x0000019431a59e9c [0x0000019431a59e40+0x000000000000005c]
j  java.security.AccessController.doPrivileged(Ljava/security/PrivilegedExceptionAction;Ljava/security/AccessControlContext;)Ljava/lang/Object;+13 java.base@21.0.1
j  sun.rmi.transport.Transport.serviceCall(Ljava/rmi/server/RemoteCall;)Z+164 java.rmi@21.0.1
j  sun.rmi.transport.tcp.TCPTransport.handleMessages(Lsun/rmi/transport/Connection;Z)V+145 java.rmi@21.0.1
j  sun.rmi.transport.tcp.TCPTransport$ConnectionHandler.run0()V+522 java.rmi@21.0.1
j  sun.rmi.transport.tcp.TCPTransport$ConnectionHandler.lambda$run$0()Ljava/lang/Void;+1 java.rmi@21.0.1
j  sun.rmi.transport.tcp.TCPTransport$ConnectionHandler$$Lambda+0x000001943c0a8308.run()Ljava/lang/Object;+4 java.rmi@21.0.1
J 1322 c1 java.security.AccessController.executePrivileged(Ljava/security/PrivilegedAction;Ljava/security/AccessControlContext;Ljava/lang/Class;)Ljava/lang/Object; java.base@21.0.1 (65 bytes) @ 0x0000019431ab4a1c [0x0000019431ab49c0+0x000000000000005c]
j  java.security.AccessController.doPrivileged(Ljava/security/PrivilegedAction;Ljava/security/AccessControlContext;)Ljava/lang/Object;+13 java.base@21.0.1
j  sun.rmi.transport.tcp.TCPTransport$ConnectionHandler.run()V+37 java.rmi@21.0.1
j  java.util.concurrent.ThreadPoolExecutor.runWorker(Ljava/util/concurrent/ThreadPoolExecutor$Worker;)V+92 java.base@21.0.1
j  java.util.concurrent.ThreadPoolExecutor$Worker.run()V+5 java.base@21.0.1
j  java.lang.Thread.runWith(Ljava/lang/Object;Ljava/lang/Runnable;)V+5 java.base@21.0.1
j  java.lang.Thread.run()V+19 java.base@21.0.1
v  ~StubRoutines::call_stub 0x000001943160100d
invokestatic  184 invokestatic  [0x0000019431618380, 0x00000194316184e0]  352 bytes
[MachCode]
  0x0000019431618380: 4883 ec08 | c5fa 1104 | 24eb 1f48 | 83ec 10c5 | fb11 0424 | eb14 4883 | ec10 4889 | 0424 48c7 
  0x00000194316183a0: 4424 0800 | 0000 00eb | 0150 4c89 | 6dc0 410f | b755 0148 | 8b4d d0c1 | e202 8b5c | d138 c1eb 
  0x00000194316183c0: 1081 e3ff | 0000 0081 | fbb8 0000 | 000f 84b4 | 0000 00bb | b800 0000 | e805 0000 | 00e9 9900 
  0x00000194316183e0: 0000 488b | d348 8d44 | 2408 4c89 | 6dc0 498b | cfc5 f877 | 4989 afa8 | 0300 0049 | 8987 9803 
  0x0000019431618400: 0000 4883 | ec20 40f6 | c40f 0f84 | 1900 0000 | 4883 ec08 | 48b8 7069 | b157 ff7f | 0000 ffd0 
  0x0000019431618420: 4883 c408 | e90c 0000 | 0048 b870 | 69b1 57ff | 7f00 00ff | d048 83c4 | 2049 c787 | 9803 0000 
  0x0000019431618440: 0000 0000 | 49c7 87a8 | 0300 0000 | 0000 0049 | c787 a003 | 0000 0000 | 0000 c5f8 | 7749 837f 
  0x0000019431618460: 0800 0f84 | 0500 0000 | e993 8afe | ff4c 8b6d | c04c 8b75 | c84e 8d74 | f500 c341 | 0fb7 5501 
  0x0000019431618480: 488b 4dd0 | c1e2 0248 | 8b5c d140 | 488b 5b08 | 488b 5b08 | 488b 5b18 | 80bb 2001 | 0000 050f 
  0x00000194316184a0: 840d 0000 | 004c 3bbb | 3001 0000 | 0f85 21ff | ffff 488b | 5cd1 408b | 54d1 50c1 | ea1c 49ba 
  0x00000194316184c0: 909e 3858 | ff7f 0000 | 498b 14d2 | 524c 8d6c | 2408 4c89 | 6df0 ff63 | 500f 1f80 | 0000 0000 
[/MachCode]

Compiled method (c1)   10365 1097       1       java.security.AccessController::executePrivileged (65 bytes)
 total in heap  [0x0000019431a59c90,0x0000019431a59fc8] = 824
 relocation     [0x0000019431a59df0,0x0000019431a59e38] = 72
 main code      [0x0000019431a59e40,0x0000019431a59ef8] = 184
 stub code      [0x0000019431a59ef8,0x0000019431a59f50] = 88
 metadata       [0x0000019431a59f50,0x0000019431a59f58] = 8
 scopes data    [0x0000019431a59f58,0x0000019431a59f80] = 40
 scopes pcs     [0x0000019431a59f80,0x0000019431a59fc0] = 64
 dependencies   [0x0000019431a59fc0,0x0000019431a59fc8] = 8

[Constant Pool (empty)]

[MachCode]
[Verified Entry Point]
  # {method} {0x000001943b478628} 'executePrivileged' '(Ljava/security/PrivilegedExceptionAction;Ljava/security/AccessControlContext;Ljava/lang/Class;)Ljava/lang/Object;' in 'java/security/AccessController'
  # parm0:    rdx:rdx   = 'java/security/PrivilegedExceptionAction'
  # parm1:    r8:r8     = 'java/security/AccessControlContext'
  # parm2:    r9:r9     = 'java/lang/Class'
  #           [sp+0x50]  (sp of caller)
  0x0000019431a59e40: 8984 2400 | 80ff ff55 | 4883 ec40 | 4181 7f20 | 0100 0000 

  0x0000019431a59e54: ;   {runtime_call StubRoutines (final stubs)}
  0x0000019431a59e54: 7405 e805 | afbd ff4c | 8944 2430 | 4c89 4c24 | 2849 83f8 | 000f 841a | 0000 0048 | 8954 2420 
  0x0000019431a59e74: ;   {static_call}
  0x0000019431a59e74: 498b d0e8 

  0x0000019431a59e78: ; ImmutableOopMap {[32]=Oop [40]=Oop [48]=Oop }
                      ;*invokestatic ensureMaterializedForStackWalk {reexecute=0 rethrow=0 return_oop=0}
                      ; - java.security.AccessController::executePrivileged@5 (line 805)
  0x0000019431a59e78: 9000 0000 

  0x0000019431a59e7c: ;   {other}
  0x0000019431a59e7c: 0f1f 8400 | ec01 0000 | 488b 5424 | 200f 1f40 | 0048 b820 | 40c7 3a94 

  0x0000019431a59e94: ;   {virtual_call}
  0x0000019431a59e94: 0100 00e8 

  0x0000019431a59e98: ; ImmutableOopMap {[40]=Oop [48]=Oop }
                      ;*invokeinterface run {reexecute=0 rethrow=0 return_oop=0}
                      ; - java.security.AccessController::executePrivileged@29 (line 809)
  0x0000019431a59e98: 7434 cbff 

  0x0000019431a59e9c: ;   {other}
  0x0000019431a59e9c: 0f1f 8400 | 0c02 0001 | 4883 c440 

  0x0000019431a59ea8: ;   {poll_return}
  0x0000019431a59ea8: 5d49 3ba7 | 5004 0000 | 0f87 0100 

  0x0000019431a59eb4: ;   {internal_word}
  0x0000019431a59eb4: 0000 c349 | baa9 9ea5 | 3194 0100 | 004d 8997 | 6804 0000 

  0x0000019431a59ec8: ;   {runtime_call SafepointBlob}
  0x0000019431a59ec8: e933 b8bf | ff49 8b87 | 0005 0000 | 49c7 8700 | 0500 0000 | 0000 0049 | c787 0805 | 0000 0000 
  0x0000019431a59ee8: 0000 4883 

  0x0000019431a59eec: ;   {runtime_call unwind_exception Runtime1 stub}
  0x0000019431a59eec: c440 5de9 | 8c90 caff | f4f4 f4f4 
[Stub Code]
  0x0000019431a59ef8: ;   {no_reloc}
  0x0000019431a59ef8: 0f1f 4400 

  0x0000019431a59efc: ;   {static_stub}
  0x0000019431a59efc: 0048 bb00 | 0000 0000 

  0x0000019431a59f04: ;   {runtime_call}
  0x0000019431a59f04: 0000 00e9 | fbff ffff 

  0x0000019431a59f0c: ;   {static_stub}
  0x0000019431a59f0c: 48bb a084 | 473b 9401 

  0x0000019431a59f14: ;   {runtime_call I2C/C2I adapters}
  0x0000019431a59f14: 0000 e948 

  0x0000019431a59f18: ;   {runtime_call handle_exception_from_callee Runtime1 stub}
  0x0000019431a59f18: 95bf ffe8 | 60bd caff 

  0x0000019431a59f20: ;   {external_word}
  0x0000019431a59f20: 48b9 0028 | 0e58 ff7f | 0000 4883 

  0x0000019431a59f2c: ;   {runtime_call}
  0x0000019431a59f2c: e4f0 48b8 | e00f d657 | ff7f 0000 

  0x0000019431a59f38: ;   {section_word}
  0x0000019431a59f38: ffd0 f449 | ba3b 9fa5 | 3194 0100 

  0x0000019431a59f44: ;   {runtime_call DeoptimizationBlob}
  0x0000019431a59f44: 0041 52e9 | 54aa bfff | f4f4 f4f4 
[/MachCode]


Compiled method (c1)   10430 1322       1       java.security.AccessController::executePrivileged (65 bytes)
 total in heap  [0x0000019431ab4810,0x0000019431ab4b48] = 824
 relocation     [0x0000019431ab4970,0x0000019431ab49b8] = 72
 main code      [0x0000019431ab49c0,0x0000019431ab4a78] = 184
 stub code      [0x0000019431ab4a78,0x0000019431ab4ad0] = 88
 metadata       [0x0000019431ab4ad0,0x0000019431ab4ad8] = 8
 scopes data    [0x0000019431ab4ad8,0x0000019431ab4b00] = 40
 scopes pcs     [0x0000019431ab4b00,0x0000019431ab4b40] = 64
 dependencies   [0x0000019431ab4b40,0x0000019431ab4b48] = 8

[Constant Pool (empty)]

[MachCode]
[Verified Entry Point]
  # {method} {0x000001943b478680} 'executePrivileged' '(Ljava/security/PrivilegedAction;Ljava/security/AccessControlContext;Ljava/lang/Class;)Ljava/lang/Object;' in 'java/security/AccessController'
  # parm0:    rdx:rdx   = 'java/security/PrivilegedAction'
  # parm1:    r8:r8     = 'java/security/AccessControlContext'
  # parm2:    r9:r9     = 'java/lang/Class'
  #           [sp+0x50]  (sp of caller)
  0x0000019431ab49c0: 8984 2400 | 80ff ff55 | 4883 ec40 | 4181 7f20 | 0100 0000 

  0x0000019431ab49d4: ;   {runtime_call StubRoutines (final stubs)}
  0x0000019431ab49d4: 7405 e885 | 03b8 ff4c | 8944 2430 | 4c89 4c24 | 2849 83f8 | 000f 841a | 0000 0048 | 8954 2420 
  0x0000019431ab49f4: ;   {static_call}
  0x0000019431ab49f4: 498b d0e8 

  0x0000019431ab49f8: ; ImmutableOopMap {[32]=Oop [40]=Oop [48]=Oop }
                      ;*invokestatic ensureMaterializedForStackWalk {reexecute=0 rethrow=0 return_oop=0}
                      ; - java.security.AccessController::executePrivileged@5 (line 774)
  0x0000019431ab49f8: 9000 0000 

  0x0000019431ab49fc: ;   {other}
  0x0000019431ab49fc: 0f1f 8400 | ec01 0000 | 488b 5424 | 200f 1f40 | 0048 b840 | 74d8 3a94 

  0x0000019431ab4a14: ;   {virtual_call}
  0x0000019431ab4a14: 0100 00e8 

  0x0000019431ab4a18: ; ImmutableOopMap {[40]=Oop [48]=Oop }
                      ;*invokeinterface run {reexecute=0 rethrow=0 return_oop=0}
                      ; - java.security.AccessController::executePrivileged@29 (line 778)
  0x0000019431ab4a18: f488 c5ff 

  0x0000019431ab4a1c: ;   {other}
  0x0000019431ab4a1c: 0f1f 8400 | 0c02 0001 | 4883 c440 

  0x0000019431ab4a28: ;   {poll_return}
  0x0000019431ab4a28: 5d49 3ba7 | 5004 0000 | 0f87 0100 

  0x0000019431ab4a34: ;   {internal_word}
  0x0000019431ab4a34: 0000 c349 | ba29 4aab | 3194 0100 | 004d 8997 | 6804 0000 

  0x0000019431ab4a48: ;   {runtime_call SafepointBlob}
  0x0000019431ab4a48: e9b3 0cba | ff49 8b87 | 0005 0000 | 49c7 8700 | 0500 0000 | 0000 0049 | c787 0805 | 0000 0000 
  0x0000019431ab4a68: 0000 4883 

  0x0000019431ab4a6c: ;   {runtime_call unwind_exception Runtime1 stub}
  0x0000019431ab4a6c: c440 5de9 | 0ce5 c4ff | f4f4 f4f4 
[Stub Code]
  0x0000019431ab4a78: ;   {no_reloc}
  0x0000019431ab4a78: 0f1f 4400 

  0x0000019431ab4a7c: ;   {static_stub}
  0x0000019431ab4a7c: 0048 bb00 | 0000 0000 

  0x0000019431ab4a84: ;   {runtime_call}
  0x0000019431ab4a84: 0000 00e9 | fbff ffff 

  0x0000019431ab4a8c: ;   {static_stub}
  0x0000019431ab4a8c: 48bb a084 | 473b 9401 

  0x0000019431ab4a94: ;   {runtime_call I2C/C2I adapters}
  0x0000019431ab4a94: 0000 e9c8 

  0x0000019431ab4a98: ;   {runtime_call handle_exception_from_callee Runtime1 stub}
  0x0000019431ab4a98: e9b9 ffe8 | e011 c5ff 

  0x0000019431ab4aa0: ;   {external_word}
  0x0000019431ab4aa0: 48b9 0028 | 0e58 ff7f | 0000 4883 

  0x0000019431ab4aac: ;   {runtime_call}
  0x0000019431ab4aac: e4f0 48b8 | e00f d657 | ff7f 0000 

  0x0000019431ab4ab8: ;   {section_word}
  0x0000019431ab4ab8: ffd0 f449 | babb 4aab | 3194 0100 

  0x0000019431ab4ac4: ;   {runtime_call DeoptimizationBlob}
  0x0000019431ab4ac4: 0041 52e9 | d4fe b9ff | f4f4 f4f4 
[/MachCode]


---------------  P R O C E S S  ---------------

Threads class SMR info:
_java_thread_list=0x00000194004f77b0, length=17, elements={
0x00000194275f40f0, 0x000001943a2431b0, 0x000001943a2443b0, 0x000001943a245a70,
0x000001943a2469b0, 0x000001943a24abd0, 0x000001943a26e050, 0x000001943a272750,
0x000001943a48db60, 0x000001943a49a870, 0x000001943a4e7000, 0x000001943aafeeb0,
0x000001943ab26b40, 0x000001943ab7eed0, 0x000001943ac553d0, 0x000001943ac97250,
0x0000019400550330
}

Java Threads: ( => current thread )
  0x00000194275f40f0 JavaThread "main"                              [_thread_in_vm, id=19120, stack(0x000000687b500000,0x000000687b600000) (1024K)]
  0x000001943a2431b0 JavaThread "Reference Handler"          daemon [_thread_blocked, id=15356, stack(0x000000687bd00000,0x000000687be00000) (1024K)]
  0x000001943a2443b0 JavaThread "Finalizer"                  daemon [_thread_blocked, id=12220, stack(0x000000687be00000,0x000000687bf00000) (1024K)]
  0x000001943a245a70 JavaThread "Signal Dispatcher"          daemon [_thread_blocked, id=15436, stack(0x000000687bf00000,0x000000687c000000) (1024K)]
  0x000001943a2469b0 JavaThread "Attach Listener"            daemon [_thread_blocked, id=23476, stack(0x000000687c000000,0x000000687c100000) (1024K)]
  0x000001943a24abd0 JavaThread "Service Thread"             daemon [_thread_blocked, id=7568, stack(0x000000687c100000,0x000000687c200000) (1024K)]
  0x000001943a26e050 JavaThread "Monitor Deflation Thread"   daemon [_thread_blocked, id=5648, stack(0x000000687c200000,0x000000687c300000) (1024K)]
  0x000001943a272750 JavaThread "C1 CompilerThread0"         daemon [_thread_blocked, id=21964, stack(0x000000687c300000,0x000000687c400000) (1024K)]
  0x000001943a48db60 JavaThread "Common-Cleaner"             daemon [_thread_blocked, id=19340, stack(0x000000687c400000,0x000000687c500000) (1024K)]
  0x000001943a49a870 JavaThread "C1 CompilerThread1"         daemon [_thread_blocked, id=19936, stack(0x000000687c500000,0x000000687c600000) (1024K)]
  0x000001943a4e7000 JavaThread "Notification Thread"        daemon [_thread_blocked, id=22028, stack(0x000000687c600000,0x000000687c700000) (1024K)]
  0x000001943aafeeb0 JavaThread "C1 CompilerThread2"         daemon [_thread_blocked, id=19044, stack(0x000000687c700000,0x000000687c800000) (1024K)]
  0x000001943ab26b40 JavaThread "C1 CompilerThread3"         daemon [_thread_blocked, id=2772, stack(0x000000687c800000,0x000000687c900000) (1024K)]
  0x000001943ab7eed0 JavaThread "RMI TCP Accept-0"           daemon [_thread_in_native, id=17216, stack(0x000000687c900000,0x000000687ca00000) (1024K)]
  0x000001943ac553d0 JavaThread "RMI TCP Accept-58318"       daemon [_thread_in_native, id=11044, stack(0x000000687ca00000,0x000000687cb00000) (1024K)]
  0x000001943ac97250 JavaThread "RMI TCP Accept-0"           daemon [_thread_in_native, id=3136, stack(0x000000687cb00000,0x000000687cc00000) (1024K)]
=>0x0000019400550330 JavaThread "RMI TCP Connection(1)-127.0.0.1" daemon [_thread_in_vm, id=22924, stack(0x000000687d400000,0x000000687d500000) (1024K)]
Total: 17

Other Threads:
  0x000001943a21d710 VMThread "VM Thread"                           [id=24264, stack(0x000000687bc00000,0x000000687bd00000) (1024K)] _threads_hazard_ptr=0x00000194004f77b0
  0x000001943a2087b0 WatcherThread "VM Periodic Task Thread"        [id=7880, stack(0x000000687bb00000,0x000000687bc00000) (1024K)]
  0x0000019427bf28e0 WorkerThread "GC Thread#0"                     [id=22492, stack(0x000000687b600000,0x000000687b700000) (1024K)]
  0x000001943a21d370 WorkerThread "GC Thread#1"                     [id=18536, stack(0x000000687cc00000,0x000000687cd00000) (1024K)]
  0x000001943a21e930 WorkerThread "GC Thread#2"                     [id=7724, stack(0x000000687cd00000,0x000000687ce00000) (1024K)]
  0x000001943a21ecd0 WorkerThread "GC Thread#3"                     [id=14964, stack(0x000000687ce00000,0x000000687cf00000) (1024K)]
  0x000001943a21dab0 WorkerThread "GC Thread#4"                     [id=12632, stack(0x000000687cf00000,0x000000687d000000) (1024K)]
  0x000001943a21de50 WorkerThread "GC Thread#5"                     [id=17180, stack(0x000000687d000000,0x000000687d100000) (1024K)]
  0x000001943a21e1f0 WorkerThread "GC Thread#6"                     [id=21540, stack(0x000000687d100000,0x000000687d200000) (1024K)]
  0x000001943a21e590 WorkerThread "GC Thread#7"                     [id=13540, stack(0x000000687d200000,0x000000687d300000) (1024K)]
  0x000001943add1d80 WorkerThread "GC Thread#8"                     [id=12400, stack(0x000000687d300000,0x000000687d400000) (1024K)]
  0x0000019427c02250 ConcurrentGCThread "G1 Main Marker"            [id=2692, stack(0x000000687b700000,0x000000687b800000) (1024K)]
  0x0000019427c07140 WorkerThread "G1 Conc#0"                       [id=21436, stack(0x000000687b800000,0x000000687b900000) (1024K)]
  0x0000019427c4eb20 ConcurrentGCThread "G1 Refine#0"               [id=14008, stack(0x000000687b900000,0x000000687ba00000) (1024K)]
  0x000001943a0db680 ConcurrentGCThread "G1 Service"                [id=11632, stack(0x000000687ba00000,0x000000687bb00000) (1024K)]
Total: 15

Threads with active compile tasks:
Total: 0

VM state: synchronizing (normal execution)

VM Mutex/Monitor currently owned by a thread:  ([mutex/lock_event])
[0x00007fff58378578] Metaspace_lock - owner thread: 0x0000019400550330
[0x00007fff5837a5f8] Threads_lock - owner thread: 0x000001943a21d710

Heap address: 0x000000008ac00000, size: 1876 MB, Compressed Oops mode: 32-bit

CDS archive(s) mapped at: [0x000001943b000000-0x000001943bc90000-0x000001943bc90000), size 13172736, SharedBaseAddress: 0x000001943b000000, ArchiveRelocationMode: 1.
Compressed class space mapped at: 0x000001943c000000-0x000001947c000000, reserved size: 1073741824
Narrow klass base: 0x000001943b000000, Narrow klass shift: 0, Narrow klass range: 0x100000000

GC Precious Log:
 CardTable entry size: 512
 Card Set container configuration: InlinePtr #cards 5 size 8 Array Of Cards #cards 12 size 40 Howl #buckets 4 coarsen threshold 1843 Howl Bitmap #cards 512 size 80 coarsen threshold 460 Card regions per heap region 1 cards per card region 2048
 CPUs: 12 total, 12 available
 Memory: 7501M
 Large Page Support: Disabled
 NUMA Support: Disabled
 Compressed Oops: Enabled (32-bit)
 Heap Region Size: 1M
 Heap Min Capacity: 8M
 Heap Initial Capacity: 118M
 Heap Max Capacity: 1876M
 Pre-touch: Disabled
 Parallel Workers: 10
 Concurrent Workers: 3
 Concurrent Refinement Workers: 10
 Periodic GC: Disabled

Heap:
 garbage-first heap   total 120832K, used 16544K [0x000000008ac00000, 0x0000000100000000)
  region size 1024K, 12 young (12288K), 3 survivors (3072K)
 Metaspace       used 8560K, committed 8832K, reserved 1114112K
  class space    used 1085K, committed 1216K, reserved 1048576K

Heap Regions: E=young(eden), S=young(survivor), O=old, HS=humongous(starts), HC=humongous(continues), CS=collection set, F=free, TAMS=top-at-mark-start, PB=parsable bottom
|   0|0x000000008ac00000, 0x000000008ad00000, 0x000000008ad00000|100%|HS|  |TAMS 0x000000008ac00000| PB 0x000000008ac00000| Complete 
|   1|0x000000008ad00000, 0x000000008ad00000, 0x000000008ae00000|  0%| F|  |TAMS 0x000000008ad00000| PB 0x000000008ad00000| Untracked 
|   2|0x000000008ae00000, 0x000000008af00000, 0x000000008af00000|100%| O|  |TAMS 0x000000008ae00000| PB 0x000000008ae00000| Untracked 
|   3|0x000000008af00000, 0x000000008b000000, 0x000000008b000000|100%| O|  |TAMS 0x000000008af00000| PB 0x000000008af00000| Untracked 
|   4|0x000000008b000000, 0x000000008b100000, 0x000000008b100000|100%| O|  |TAMS 0x000000008b000000| PB 0x000000008b000000| Untracked 
|   5|0x000000008b100000, 0x000000008b200000, 0x000000008b200000|100%| O|  |TAMS 0x000000008b100000| PB 0x000000008b100000| Untracked 
|   6|0x000000008b200000, 0x000000008b228000, 0x000000008b300000| 15%| O|  |TAMS 0x000000008b200000| PB 0x000000008b200000| Untracked 
|   7|0x000000008b300000, 0x000000008b300000, 0x000000008b400000|  0%| F|  |TAMS 0x000000008b300000| PB 0x000000008b300000| Untracked 
|   8|0x000000008b400000, 0x000000008b400000, 0x000000008b500000|  0%| F|  |TAMS 0x000000008b400000| PB 0x000000008b400000| Untracked 
|   9|0x000000008b500000, 0x000000008b500000, 0x000000008b600000|  0%| F|  |TAMS 0x000000008b500000| PB 0x000000008b500000| Untracked 
|  10|0x000000008b600000, 0x000000008b600000, 0x000000008b700000|  0%| F|  |TAMS 0x000000008b600000| PB 0x000000008b600000| Untracked 
|  11|0x000000008b700000, 0x000000008b700000, 0x000000008b800000|  0%| F|  |TAMS 0x000000008b700000| PB 0x000000008b700000| Untracked 
|  12|0x000000008b800000, 0x000000008b800000, 0x000000008b900000|  0%| F|  |TAMS 0x000000008b800000| PB 0x000000008b800000| Untracked 
|  13|0x000000008b900000, 0x000000008b900000, 0x000000008ba00000|  0%| F|  |TAMS 0x000000008b900000| PB 0x000000008b900000| Untracked 
|  14|0x000000008ba00000, 0x000000008ba00000, 0x000000008bb00000|  0%| F|  |TAMS 0x000000008ba00000| PB 0x000000008ba00000| Untracked 
|  15|0x000000008bb00000, 0x000000008bb00000, 0x000000008bc00000|  0%| F|  |TAMS 0x000000008bb00000| PB 0x000000008bb00000| Untracked 
|  16|0x000000008bc00000, 0x000000008bc00000, 0x000000008bd00000|  0%| F|  |TAMS 0x000000008bc00000| PB 0x000000008bc00000| Untracked 
|  17|0x000000008bd00000, 0x000000008bd00000, 0x000000008be00000|  0%| F|  |TAMS 0x000000008bd00000| PB 0x000000008bd00000| Untracked 
|  18|0x000000008be00000, 0x000000008be00000, 0x000000008bf00000|  0%| F|  |TAMS 0x000000008be00000| PB 0x000000008be00000| Untracked 
|  19|0x000000008bf00000, 0x000000008bf00000, 0x000000008c000000|  0%| F|  |TAMS 0x000000008bf00000| PB 0x000000008bf00000| Untracked 
|  20|0x000000008c000000, 0x000000008c000000, 0x000000008c100000|  0%| F|  |TAMS 0x000000008c000000| PB 0x000000008c000000| Untracked 
|  21|0x000000008c100000, 0x000000008c100000, 0x000000008c200000|  0%| F|  |TAMS 0x000000008c100000| PB 0x000000008c100000| Untracked 
|  22|0x000000008c200000, 0x000000008c200000, 0x000000008c300000|  0%| F|  |TAMS 0x000000008c200000| PB 0x000000008c200000| Untracked 
|  23|0x000000008c300000, 0x000000008c300000, 0x000000008c400000|  0%| F|  |TAMS 0x000000008c300000| PB 0x000000008c300000| Untracked 
|  24|0x000000008c400000, 0x000000008c400000, 0x000000008c500000|  0%| F|  |TAMS 0x000000008c400000| PB 0x000000008c400000| Untracked 
|  25|0x000000008c500000, 0x000000008c500000, 0x000000008c600000|  0%| F|  |TAMS 0x000000008c500000| PB 0x000000008c500000| Untracked 
|  26|0x000000008c600000, 0x000000008c600000, 0x000000008c700000|  0%| F|  |TAMS 0x000000008c600000| PB 0x000000008c600000| Untracked 
|  27|0x000000008c700000, 0x000000008c700000, 0x000000008c800000|  0%| F|  |TAMS 0x000000008c700000| PB 0x000000008c700000| Untracked 
|  28|0x000000008c800000, 0x000000008c800000, 0x000000008c900000|  0%| F|  |TAMS 0x000000008c800000| PB 0x000000008c800000| Untracked 
|  29|0x000000008c900000, 0x000000008c900000, 0x000000008ca00000|  0%| F|  |TAMS 0x000000008c900000| PB 0x000000008c900000| Untracked 
|  30|0x000000008ca00000, 0x000000008ca00000, 0x000000008cb00000|  0%| F|  |TAMS 0x000000008ca00000| PB 0x000000008ca00000| Untracked 
|  31|0x000000008cb00000, 0x000000008cb00000, 0x000000008cc00000|  0%| F|  |TAMS 0x000000008cb00000| PB 0x000000008cb00000| Untracked 
|  32|0x000000008cc00000, 0x000000008cc00000, 0x000000008cd00000|  0%| F|  |TAMS 0x000000008cc00000| PB 0x000000008cc00000| Untracked 
|  33|0x000000008cd00000, 0x000000008cd00000, 0x000000008ce00000|  0%| F|  |TAMS 0x000000008cd00000| PB 0x000000008cd00000| Untracked 
|  34|0x000000008ce00000, 0x000000008ce00000, 0x000000008cf00000|  0%| F|  |TAMS 0x000000008ce00000| PB 0x000000008ce00000| Untracked 
|  35|0x000000008cf00000, 0x000000008cf00000, 0x000000008d000000|  0%| F|  |TAMS 0x000000008cf00000| PB 0x000000008cf00000| Untracked 
|  36|0x000000008d000000, 0x000000008d000000, 0x000000008d100000|  0%| F|  |TAMS 0x000000008d000000| PB 0x000000008d000000| Untracked 
|  37|0x000000008d100000, 0x000000008d100000, 0x000000008d200000|  0%| F|  |TAMS 0x000000008d100000| PB 0x000000008d100000| Untracked 
|  38|0x000000008d200000, 0x000000008d200000, 0x000000008d300000|  0%| F|  |TAMS 0x000000008d200000| PB 0x000000008d200000| Untracked 
|  39|0x000000008d300000, 0x000000008d300000, 0x000000008d400000|  0%| F|  |TAMS 0x000000008d300000| PB 0x000000008d300000| Untracked 
|  40|0x000000008d400000, 0x000000008d400000, 0x000000008d500000|  0%| F|  |TAMS 0x000000008d400000| PB 0x000000008d400000| Untracked 
|  41|0x000000008d500000, 0x000000008d500000, 0x000000008d600000|  0%| F|  |TAMS 0x000000008d500000| PB 0x000000008d500000| Untracked 
|  42|0x000000008d600000, 0x000000008d600000, 0x000000008d700000|  0%| F|  |TAMS 0x000000008d600000| PB 0x000000008d600000| Untracked 
|  43|0x000000008d700000, 0x000000008d700000, 0x000000008d800000|  0%| F|  |TAMS 0x000000008d700000| PB 0x000000008d700000| Untracked 
|  44|0x000000008d800000, 0x000000008d800000, 0x000000008d900000|  0%| F|  |TAMS 0x000000008d800000| PB 0x000000008d800000| Untracked 
|  45|0x000000008d900000, 0x000000008d900000, 0x000000008da00000|  0%| F|  |TAMS 0x000000008d900000| PB 0x000000008d900000| Untracked 
|  46|0x000000008da00000, 0x000000008da00000, 0x000000008db00000|  0%| F|  |TAMS 0x000000008da00000| PB 0x000000008da00000| Untracked 
|  47|0x000000008db00000, 0x000000008db00000, 0x000000008dc00000|  0%| F|  |TAMS 0x000000008db00000| PB 0x000000008db00000| Untracked 
|  48|0x000000008dc00000, 0x000000008dc00000, 0x000000008dd00000|  0%| F|  |TAMS 0x000000008dc00000| PB 0x000000008dc00000| Untracked 
|  49|0x000000008dd00000, 0x000000008dd00000, 0x000000008de00000|  0%| F|  |TAMS 0x000000008dd00000| PB 0x000000008dd00000| Untracked 
|  50|0x000000008de00000, 0x000000008de00000, 0x000000008df00000|  0%| F|  |TAMS 0x000000008de00000| PB 0x000000008de00000| Untracked 
|  51|0x000000008df00000, 0x000000008df00000, 0x000000008e000000|  0%| F|  |TAMS 0x000000008df00000| PB 0x000000008df00000| Untracked 
|  52|0x000000008e000000, 0x000000008e000000, 0x000000008e100000|  0%| F|  |TAMS 0x000000008e000000| PB 0x000000008e000000| Untracked 
|  53|0x000000008e100000, 0x000000008e100000, 0x000000008e200000|  0%| F|  |TAMS 0x000000008e100000| PB 0x000000008e100000| Untracked 
|  54|0x000000008e200000, 0x000000008e200000, 0x000000008e300000|  0%| F|  |TAMS 0x000000008e200000| PB 0x000000008e200000| Untracked 
|  55|0x000000008e300000, 0x000000008e300000, 0x000000008e400000|  0%| F|  |TAMS 0x000000008e300000| PB 0x000000008e300000| Untracked 
|  56|0x000000008e400000, 0x000000008e400000, 0x000000008e500000|  0%| F|  |TAMS 0x000000008e400000| PB 0x000000008e400000| Untracked 
|  57|0x000000008e500000, 0x000000008e500000, 0x000000008e600000|  0%| F|  |TAMS 0x000000008e500000| PB 0x000000008e500000| Untracked 
|  58|0x000000008e600000, 0x000000008e600000, 0x000000008e700000|  0%| F|  |TAMS 0x000000008e600000| PB 0x000000008e600000| Untracked 
|  59|0x000000008e700000, 0x000000008e700000, 0x000000008e800000|  0%| F|  |TAMS 0x000000008e700000| PB 0x000000008e700000| Untracked 
|  60|0x000000008e800000, 0x000000008e800000, 0x000000008e900000|  0%| F|  |TAMS 0x000000008e800000| PB 0x000000008e800000| Untracked 
|  61|0x000000008e900000, 0x000000008e900000, 0x000000008ea00000|  0%| F|  |TAMS 0x000000008e900000| PB 0x000000008e900000| Untracked 
|  62|0x000000008ea00000, 0x000000008ea00000, 0x000000008eb00000|  0%| F|  |TAMS 0x000000008ea00000| PB 0x000000008ea00000| Untracked 
|  63|0x000000008eb00000, 0x000000008eb00000, 0x000000008ec00000|  0%| F|  |TAMS 0x000000008eb00000| PB 0x000000008eb00000| Untracked 
|  64|0x000000008ec00000, 0x000000008ec00000, 0x000000008ed00000|  0%| F|  |TAMS 0x000000008ec00000| PB 0x000000008ec00000| Untracked 
|  65|0x000000008ed00000, 0x000000008ed00000, 0x000000008ee00000|  0%| F|  |TAMS 0x000000008ed00000| PB 0x000000008ed00000| Untracked 
|  66|0x000000008ee00000, 0x000000008ee00000, 0x000000008ef00000|  0%| F|  |TAMS 0x000000008ee00000| PB 0x000000008ee00000| Untracked 
|  67|0x000000008ef00000, 0x000000008ef00000, 0x000000008f000000|  0%| F|  |TAMS 0x000000008ef00000| PB 0x000000008ef00000| Untracked 
|  68|0x000000008f000000, 0x000000008f000000, 0x000000008f100000|  0%| F|  |TAMS 0x000000008f000000| PB 0x000000008f000000| Untracked 
|  69|0x000000008f100000, 0x000000008f100000, 0x000000008f200000|  0%| F|  |TAMS 0x000000008f100000| PB 0x000000008f100000| Untracked 
|  70|0x000000008f200000, 0x000000008f200000, 0x000000008f300000|  0%| F|  |TAMS 0x000000008f200000| PB 0x000000008f200000| Untracked 
|  71|0x000000008f300000, 0x000000008f300000, 0x000000008f400000|  0%| F|  |TAMS 0x000000008f300000| PB 0x000000008f300000| Untracked 
|  72|0x000000008f400000, 0x000000008f400000, 0x000000008f500000|  0%| F|  |TAMS 0x000000008f400000| PB 0x000000008f400000| Untracked 
|  73|0x000000008f500000, 0x000000008f500000, 0x000000008f600000|  0%| F|  |TAMS 0x000000008f500000| PB 0x000000008f500000| Untracked 
|  74|0x000000008f600000, 0x000000008f600000, 0x000000008f700000|  0%| F|  |TAMS 0x000000008f600000| PB 0x000000008f600000| Untracked 
|  75|0x000000008f700000, 0x000000008f700000, 0x000000008f800000|  0%| F|  |TAMS 0x000000008f700000| PB 0x000000008f700000| Untracked 
|  76|0x000000008f800000, 0x000000008f800000, 0x000000008f900000|  0%| F|  |TAMS 0x000000008f800000| PB 0x000000008f800000| Untracked 
|  77|0x000000008f900000, 0x000000008f900000, 0x000000008fa00000|  0%| F|  |TAMS 0x000000008f900000| PB 0x000000008f900000| Untracked 
|  78|0x000000008fa00000, 0x000000008fa00000, 0x000000008fb00000|  0%| F|  |TAMS 0x000000008fa00000| PB 0x000000008fa00000| Untracked 
|  79|0x000000008fb00000, 0x000000008fb00000, 0x000000008fc00000|  0%| F|  |TAMS 0x000000008fb00000| PB 0x000000008fb00000| Untracked 
|  80|0x000000008fc00000, 0x000000008fc00000, 0x000000008fd00000|  0%| F|  |TAMS 0x000000008fc00000| PB 0x000000008fc00000| Untracked 
|  81|0x000000008fd00000, 0x000000008fd00000, 0x000000008fe00000|  0%| F|  |TAMS 0x000000008fd00000| PB 0x000000008fd00000| Untracked 
|  82|0x000000008fe00000, 0x000000008fe00000, 0x000000008ff00000|  0%| F|  |TAMS 0x000000008fe00000| PB 0x000000008fe00000| Untracked 
|  83|0x000000008ff00000, 0x000000008ff00000, 0x0000000090000000|  0%| F|  |TAMS 0x000000008ff00000| PB 0x000000008ff00000| Untracked 
|  84|0x0000000090000000, 0x0000000090000000, 0x0000000090100000|  0%| F|  |TAMS 0x0000000090000000| PB 0x0000000090000000| Untracked 
|  85|0x0000000090100000, 0x0000000090100000, 0x0000000090200000|  0%| F|  |TAMS 0x0000000090100000| PB 0x0000000090100000| Untracked 
|  86|0x0000000090200000, 0x0000000090200000, 0x0000000090300000|  0%| F|  |TAMS 0x0000000090200000| PB 0x0000000090200000| Untracked 
|  87|0x0000000090300000, 0x0000000090300000, 0x0000000090400000|  0%| F|  |TAMS 0x0000000090300000| PB 0x0000000090300000| Untracked 
|  88|0x0000000090400000, 0x0000000090400000, 0x0000000090500000|  0%| F|  |TAMS 0x0000000090400000| PB 0x0000000090400000| Untracked 
|  89|0x0000000090500000, 0x0000000090500000, 0x0000000090600000|  0%| F|  |TAMS 0x0000000090500000| PB 0x0000000090500000| Untracked 
|  90|0x0000000090600000, 0x0000000090600000, 0x0000000090700000|  0%| F|  |TAMS 0x0000000090600000| PB 0x0000000090600000| Untracked 
|  91|0x0000000090700000, 0x0000000090700000, 0x0000000090800000|  0%| F|  |TAMS 0x0000000090700000| PB 0x0000000090700000| Untracked 
|  92|0x0000000090800000, 0x0000000090900000, 0x0000000090900000|100%| S|CS|TAMS 0x0000000090800000| PB 0x0000000090800000| Complete 
|  93|0x0000000090900000, 0x0000000090a00000, 0x0000000090a00000|100%| S|CS|TAMS 0x0000000090900000| PB 0x0000000090900000| Complete 
|  94|0x0000000090a00000, 0x0000000090b00000, 0x0000000090b00000|100%| S|CS|TAMS 0x0000000090a00000| PB 0x0000000090a00000| Complete 
|  95|0x0000000090b00000, 0x0000000090b00000, 0x0000000090c00000|  0%| F|  |TAMS 0x0000000090b00000| PB 0x0000000090b00000| Untracked 
|  96|0x0000000090c00000, 0x0000000090c00000, 0x0000000090d00000|  0%| F|  |TAMS 0x0000000090c00000| PB 0x0000000090c00000| Untracked 
|  97|0x0000000090d00000, 0x0000000090d00000, 0x0000000090e00000|  0%| F|  |TAMS 0x0000000090d00000| PB 0x0000000090d00000| Untracked 
|  98|0x0000000090e00000, 0x0000000090e00000, 0x0000000090f00000|  0%| F|  |TAMS 0x0000000090e00000| PB 0x0000000090e00000| Untracked 
|  99|0x0000000090f00000, 0x0000000090f00000, 0x0000000091000000|  0%| F|  |TAMS 0x0000000090f00000| PB 0x0000000090f00000| Untracked 
| 100|0x0000000091000000, 0x0000000091000000, 0x0000000091100000|  0%| F|  |TAMS 0x0000000091000000| PB 0x0000000091000000| Untracked 
| 101|0x0000000091100000, 0x0000000091100000, 0x0000000091200000|  0%| F|  |TAMS 0x0000000091100000| PB 0x0000000091100000| Untracked 
| 102|0x0000000091200000, 0x0000000091200000, 0x0000000091300000|  0%| F|  |TAMS 0x0000000091200000| PB 0x0000000091200000| Untracked 
| 103|0x0000000091300000, 0x0000000091300000, 0x0000000091400000|  0%| F|  |TAMS 0x0000000091300000| PB 0x0000000091300000| Untracked 
| 104|0x0000000091400000, 0x0000000091400000, 0x0000000091500000|  0%| F|  |TAMS 0x0000000091400000| PB 0x0000000091400000| Untracked 
| 105|0x0000000091500000, 0x0000000091500000, 0x0000000091600000|  0%| F|  |TAMS 0x0000000091500000| PB 0x0000000091500000| Untracked 
| 106|0x0000000091600000, 0x0000000091600000, 0x0000000091700000|  0%| F|  |TAMS 0x0000000091600000| PB 0x0000000091600000| Untracked 
| 107|0x0000000091700000, 0x0000000091700000, 0x0000000091800000|  0%| F|  |TAMS 0x0000000091700000| PB 0x0000000091700000| Untracked 
| 108|0x0000000091800000, 0x0000000091800000, 0x0000000091900000|  0%| F|  |TAMS 0x0000000091800000| PB 0x0000000091800000| Untracked 
| 109|0x0000000091900000, 0x00000000919df8b0, 0x0000000091a00000| 87%| E|  |TAMS 0x0000000091900000| PB 0x0000000091900000| Complete 
| 110|0x0000000091a00000, 0x0000000091b00000, 0x0000000091b00000|100%| E|CS|TAMS 0x0000000091a00000| PB 0x0000000091a00000| Complete 
| 111|0x0000000091b00000, 0x0000000091c00000, 0x0000000091c00000|100%| E|CS|TAMS 0x0000000091b00000| PB 0x0000000091b00000| Complete 
| 112|0x0000000091c00000, 0x0000000091d00000, 0x0000000091d00000|100%| E|CS|TAMS 0x0000000091c00000| PB 0x0000000091c00000| Complete 
| 113|0x0000000091d00000, 0x0000000091e00000, 0x0000000091e00000|100%| E|CS|TAMS 0x0000000091d00000| PB 0x0000000091d00000| Complete 
| 114|0x0000000091e00000, 0x0000000091f00000, 0x0000000091f00000|100%| E|CS|TAMS 0x0000000091e00000| PB 0x0000000091e00000| Complete 
| 115|0x0000000091f00000, 0x0000000092000000, 0x0000000092000000|100%| E|CS|TAMS 0x0000000091f00000| PB 0x0000000091f00000| Complete 
| 116|0x0000000092000000, 0x0000000092100000, 0x0000000092100000|100%| E|CS|TAMS 0x0000000092000000| PB 0x0000000092000000| Complete 
| 117|0x0000000092100000, 0x0000000092200000, 0x0000000092200000|100%| E|CS|TAMS 0x0000000092100000| PB 0x0000000092100000| Complete 

Card table byte_map: [0x0000019435460000,0x0000019435810000] _byte_map_base: 0x000001943500a000

Marking Bits: (CMBitMap*) 0x0000019427bf2ef0
 Bits: [0x0000019435810000, 0x0000019437560000)

Polling page: 0x0000019427920000

Metaspace:

Usage:
  Non-class:      7.30 MB used.
      Class:      1.06 MB used.
       Both:      8.36 MB used.

Virtual space:
  Non-class space:       64.00 MB reserved,       7.44 MB ( 12%) committed,  1 nodes.
      Class space:        1.00 GB reserved,       1.19 MB ( <1%) committed,  1 nodes.
             Both:        1.06 GB reserved,       8.62 MB ( <1%) committed. 

Chunk freelists:
   Non-Class:  8.42 MB
       Class:  14.81 MB
        Both:  23.23 MB

MaxMetaspaceSize: unlimited
CompressedClassSpaceSize: 1.00 GB
Initial GC threshold: 21.00 MB
Current GC threshold: 21.00 MB
CDS: on
 - commit_granule_bytes: 65536.
 - commit_granule_words: 8192.
 - virtual_space_node_default_size: 8388608.
 - enlarge_chunks_in_place: 1.
 - use_allocation_guard: 0.


Internal statistics:

num_allocs_failed_limit: 0.
num_arena_births: 214.
num_arena_deaths: 0.
num_vsnodes_births: 2.
num_vsnodes_deaths: 0.
num_space_committed: 138.
num_space_uncommitted: 0.
num_chunks_returned_to_freelist: 0.
num_chunks_taken_from_freelist: 390.
num_chunk_merges: 0.
num_chunk_splits: 247.
num_chunks_enlarged: 158.
num_inconsistent_stats: 0.

CodeCache: size=49152Kb used=5363Kb max_used=5363Kb free=43788Kb
 bounds [0x0000019431600000, 0x0000019431b40000, 0x0000019434600000]
 total_blobs=2114 nmethods=1633 adapters=403
 compilation: enabled
              stopped_count=0, restarted_count=0
 full_count=0

Compilation events (20 events):
Event: 1.706 Thread 0x000001943a49a870 1624       1       sun.reflect.generics.tree.SimpleClassTypeSignature::make (11 bytes)
Event: 1.706 Thread 0x000001943a272750 1625       1       sun.reflect.generics.tree.SimpleClassTypeSignature::<init> (20 bytes)
Event: 1.706 Thread 0x000001943a272750 nmethod 1625 0x0000019431b38e90 code [0x0000019431b39020, 0x0000019431b39188]
Event: 1.706 Thread 0x000001943a49a870 nmethod 1624 0x0000019431b39210 code [0x0000019431b393a0, 0x0000019431b39548]
Event: 1.707 Thread 0x000001943a49a870 1626       1       sun.reflect.generics.parser.SignatureParser::parseClassTypeSignature (118 bytes)
Event: 1.707 Thread 0x000001943a272750 1627       1       sun.reflect.generics.parser.SignatureParser::parsePackageNameAndSimpleClassTypeSignature (119 bytes)
Event: 1.707 Thread 0x000001943ab26b40 1628       1       sun.reflect.generics.parser.SignatureParser::parseClassTypeSignatureSuffix (29 bytes)
Event: 1.707 Thread 0x000001943aafeeb0 1629       1       sun.reflect.generics.tree.ClassTypeSignature::make (9 bytes)
Event: 1.707 Thread 0x000001943ab26b40 nmethod 1628 0x0000019431b39610 code [0x0000019431b397e0, 0x0000019431b39978]
Event: 1.707 Thread 0x000001943ab26b40 1630       1       sun.reflect.generics.tree.ClassTypeSignature::<init> (10 bytes)
Event: 1.707 Thread 0x000001943aafeeb0 nmethod 1629 0x0000019431b39a90 code [0x0000019431b39c20, 0x0000019431b39d70]
Event: 1.707 Thread 0x000001943ab26b40 nmethod 1630 0x0000019431b39e10 code [0x0000019431b39fa0, 0x0000019431b3a0b8]
Event: 1.707 Thread 0x000001943a272750 nmethod 1627 0x0000019431b3a110 code [0x0000019431b3a3a0, 0x0000019431b3aab8]
Event: 1.707 Thread 0x000001943a49a870 nmethod 1626 0x0000019431b3ae10 code [0x0000019431b3b0e0, 0x0000019431b3b940]
Event: 1.708 Thread 0x000001943a49a870 1631       1       java.util.RegularEnumSet::add (9 bytes)
Event: 1.708 Thread 0x000001943a272750 1633       1       java.util.EnumSet::typeCheck (59 bytes)
Event: 1.708 Thread 0x000001943ab26b40 1632       1       java.util.RegularEnumSet::add (40 bytes)
Event: 1.708 Thread 0x000001943a49a870 nmethod 1631 0x0000019431b3be90 code [0x0000019431b3c040, 0x0000019431b3c158]
Event: 1.708 Thread 0x000001943ab26b40 nmethod 1632 0x0000019431b3c210 code [0x0000019431b3c3c0, 0x0000019431b3c500]
Event: 1.708 Thread 0x000001943a272750 nmethod 1633 0x0000019431b3c610 code [0x0000019431b3c840, 0x0000019431b3cc60]

GC Heap History (2 events):
Event: 0.663 GC heap before
{Heap before GC invocations=0 (full 0):
 garbage-first heap   total 120832K, used 25600K [0x000000008ac00000, 0x0000000100000000)
  region size 1024K, 23 young (23552K), 0 survivors (0K)
 Metaspace       used 6536K, committed 6784K, reserved 1114112K
  class space    used 793K, committed 960K, reserved 1048576K
}
Event: 0.672 GC heap after
{Heap after GC invocations=1 (full 0):
 garbage-first heap   total 120832K, used 8352K [0x000000008ac00000, 0x0000000100000000)
  region size 1024K, 3 young (3072K), 3 survivors (3072K)
 Metaspace       used 6536K, committed 6784K, reserved 1114112K
  class space    used 793K, committed 960K, reserved 1048576K
}

Dll operation events (8 events):
Event: 0.009 Loaded shared library C:\Program Files\Java\jdk-21\bin\java.dll
Event: 0.130 Loaded shared library C:\Program Files\Java\jdk-21\bin\jimage.dll
Event: 0.137 Loaded shared library C:\Program Files\Java\jdk-21\bin\net.dll
Event: 0.139 Loaded shared library C:\Program Files\Java\jdk-21\bin\nio.dll
Event: 0.142 Loaded shared library C:\Program Files\Java\jdk-21\bin\zip.dll
Event: 0.234 Loaded shared library C:\Program Files\Java\jdk-21\bin\management.dll
Event: 0.246 Loaded shared library C:\Program Files\Java\jdk-21\bin\management_ext.dll
Event: 0.466 Loaded shared library C:\Program Files\Java\jdk-21\bin\extnet.dll

Deoptimization events (4 events):
Event: 0.351 Thread 0x00000194275f40f0 DEOPT PACKING pc=0x0000019431948f5d sp=0x000000687b5fcff0
Event: 0.351 Thread 0x00000194275f40f0 DEOPT UNPACKING pc=0x0000019431654e42 sp=0x000000687b5fc4a0 mode 3
Event: 0.360 Thread 0x00000194275f40f0 DEOPT PACKING pc=0x00000194319f0a60 sp=0x000000687b5fcef0
Event: 0.360 Thread 0x00000194275f40f0 DEOPT UNPACKING pc=0x0000019431654e42 sp=0x000000687b5fc3a8 mode 3

Classes loaded (20 events):
Event: 1.666 Loading class java/time/ZonedDateTime done
Event: 1.666 Loading class sun/rmi/transport/Transport$1
Event: 1.666 Loading class sun/rmi/transport/Transport$1 done
Event: 1.667 Loading class sun/rmi/server/MarshalOutputStream$1
Event: 1.667 Loading class sun/rmi/server/MarshalOutputStream$1 done
Event: 1.667 Loading class java/io/ObjectStreamClass$ExceptionInfo
Event: 1.668 Loading class java/io/ObjectStreamClass$ExceptionInfo done
Event: 1.668 Loading class java/rmi/server/RMIClassLoader
Event: 1.674 Loading class java/text/ParseException
Event: 1.701 Loading class java/text/ParseException done
Event: 1.701 Loading class java/rmi/server/RMIClassLoader done
Event: 1.701 Loading class java/rmi/server/RMIClassLoader$2
Event: 1.702 Loading class java/rmi/server/RMIClassLoaderSpi
Event: 1.702 Loading class java/rmi/server/RMIClassLoaderSpi done
Event: 1.702 Loading class java/rmi/server/RMIClassLoader$2 done
Event: 1.702 Loading class java/rmi/server/RMIClassLoader$1
Event: 1.702 Loading class java/rmi/server/RMIClassLoader$1 done
Event: 1.702 Loading class sun/rmi/server/LoaderHandler
Event: 1.710 Loading class java/time/OffsetDateTime
Event: 1.774 Loading class sun/rmi/server/LoaderHandler done

Classes unloaded (0 events):
No events

Classes redefined (0 events):
No events

Internal exceptions (20 events):
Event: 0.395 Thread 0x00000194275f40f0 Exception <a 'java/lang/NoSuchMethodError'{0x00000000913ce7c8}: 'int java.lang.invoke.DirectMethodHandle$Holder.invokeSpecialIFC(java.lang.Object, java.lang.Object, java.lang.Object)'> (0x00000000913ce7c8) 
thrown [s\open\src\hotspot\share\interpreter\linkResolver.cpp, line 773]
Event: 0.427 Thread 0x00000194275f40f0 Exception <a 'java/lang/NoSuchMethodError'{0x0000000091242fa8}: 'java.lang.Object java.lang.invoke.DirectMethodHandle$Holder.invokeStaticInit(java.lang.Object, int, int, int, int)'> (0x0000000091242fa8) 
thrown [s\open\src\hotspot\share\interpreter\linkResolver.cpp, line 773]
Event: 0.446 Thread 0x00000194275f40f0 Exception <a 'java/lang/NoSuchMethodError'{0x00000000912eb660}: 'java.lang.Object java.lang.invoke.DirectMethodHandle$Holder.invokeStaticInit(java.lang.Object, java.lang.Object, int, int, int, int)'> (0x00000000912eb660) 
thrown [s\open\src\hotspot\share\interpreter\linkResolver.cpp, line 773]
Event: 0.456 Thread 0x00000194275f40f0 Exception <a 'java/lang/ClassNotFoundException'{0x0000000091105ad8}: javax/management/remote/rmi/RMIServerImpl_Skel> (0x0000000091105ad8) 
thrown [s\open\src\hotspot\share\classfile\systemDictionary.cpp, line 312]
Event: 0.472 Thread 0x00000194275f40f0 Exception <a 'java/lang/NoSuchMethodError'{0x0000000091127e98}: 'long java.lang.invoke.DirectMethodHandle$Holder.invokeSpecial(java.lang.Object, java.lang.Object)'> (0x0000000091127e98) 
thrown [s\open\src\hotspot\share\interpreter\linkResolver.cpp, line 773]
Event: 0.472 Thread 0x00000194275f40f0 Exception <a 'java/lang/NoSuchMethodError'{0x000000009112b560}: 'long java.lang.invoke.Invokers$Holder.invokeExact_MT(java.lang.Object, java.lang.Object)'> (0x000000009112b560) 
thrown [s\open\src\hotspot\share\interpreter\linkResolver.cpp, line 773]
Event: 0.477 Thread 0x00000194275f40f0 Exception <a 'java/lang/NoSuchMethodError'{0x0000000091144c10}: 'void java.lang.invoke.DirectMethodHandle$Holder.invokeSpecial(java.lang.Object, java.lang.Object, java.lang.Object)'> (0x0000000091144c10) 
thrown [s\open\src\hotspot\share\interpreter\linkResolver.cpp, line 773]
Event: 0.492 Thread 0x00000194275f40f0 Exception <a 'java/lang/ClassNotFoundException'{0x000000009105c710}: jdk/internal/agent/resources/spi/agentProvider> (0x000000009105c710) 
thrown [s\open\src\hotspot\share\classfile\systemDictionary.cpp, line 312]
Event: 0.579 Thread 0x00000194275f40f0 Exception <a 'java/lang/NoSuchMethodError'{0x0000000090d45a78}: 'java.lang.Object java.lang.invoke.DirectMethodHandle$Holder.invokeSpecial(java.lang.Object, java.lang.Object, java.lang.Object, long, java.lang.Object)'> (0x0000000090d45a78) 
thrown [s\open\src\hotspot\share\interpreter\linkResolver.cpp, line 773]
Event: 0.579 Thread 0x00000194275f40f0 Exception <a 'java/lang/NoSuchMethodError'{0x0000000090d493c8}: 'java.lang.Object java.lang.invoke.Invokers$Holder.linkToTargetMethod(java.lang.Object, long, java.lang.Object, java.lang.Object)'> (0x0000000090d493c8) 
thrown [s\open\src\hotspot\share\interpreter\linkResolver.cpp, line 773]
Event: 0.646 Thread 0x00000194275f40f0 Exception <a 'java/lang/NoSuchMethodError'{0x0000000090b6dbd8}: 'void java.lang.invoke.DirectMethodHandle$Holder.invokeStatic(java.lang.Object, java.lang.Object, java.lang.Object, java.lang.Object)'> (0x0000000090b6dbd8) 
thrown [s\open\src\hotspot\share\interpreter\linkResolver.cpp, line 773]
Event: 0.686 Thread 0x00000194275f40f0 Exception <a 'java/lang/NoSuchMethodError'{0x00000000921e4428}: 'int java.lang.invoke.DirectMethodHandle$Holder.invokeStaticInit(java.lang.Object, java.lang.Object)'> (0x00000000921e4428) 
thrown [s\open\src\hotspot\share\interpreter\linkResolver.cpp, line 773]
Event: 0.717 Thread 0x00000194275f40f0 Exception <a 'java/lang/NoSuchMethodError'{0x0000000091f68958}: 'void java.lang.invoke.DirectMethodHandle$Holder.invokeInterface(java.lang.Object, java.lang.Object, java.lang.Object, java.lang.Object)'> (0x0000000091f68958) 
thrown [s\open\src\hotspot\share\interpreter\linkResolver.cpp, line 773]
Event: 0.746 Thread 0x00000194275f40f0 Exception <a 'java/lang/NoSuchMethodError'{0x0000000091e9e470}: 'java.lang.Object java.lang.invoke.DirectMethodHandle$Holder.invokeInterface(java.lang.Object, java.lang.Object)'> (0x0000000091e9e470) 
thrown [s\open\src\hotspot\share\interpreter\linkResolver.cpp, line 773]
Event: 0.755 Thread 0x00000194275f40f0 Exception <a 'java/lang/NoSuchMethodError'{0x0000000091d2aea0}: 'java.lang.Object java.lang.invoke.DirectMethodHandle$Holder.invokeSpecialIFC(java.lang.Object, java.lang.Object, java.lang.Object, java.lang.Object)'> (0x0000000091d2aea0) 
thrown [s\open\src\hotspot\share\interpreter\linkResolver.cpp, line 773]
Event: 0.757 Thread 0x00000194275f40f0 Exception <a 'java/lang/NoSuchMethodError'{0x0000000091d4bea8}: 'java.lang.Object java.lang.invoke.DirectMethodHandle$Holder.invokeInterface(java.lang.Object, java.lang.Object, java.lang.Object)'> (0x0000000091d4bea8) 
thrown [s\open\src\hotspot\share\interpreter\linkResolver.cpp, line 773]
Event: 0.773 Thread 0x00000194275f40f0 Exception <a 'java/lang/NoSuchMethodError'{0x0000000091c0d9f0}: 'int java.lang.invoke.DirectMethodHandle$Holder.invokeStaticInit(java.lang.Object, java.lang.Object, java.lang.Object)'> (0x0000000091c0d9f0) 
thrown [s\open\src\hotspot\share\interpreter\linkResolver.cpp, line 773]
Event: 0.783 Thread 0x00000194275f40f0 Exception <a 'java/lang/NoSuchMethodError'{0x0000000091c612c0}: 'java.lang.Object java.lang.invoke.DirectMethodHandle$Holder.newInvokeSpecial(java.lang.Object, java.lang.Object, java.lang.Object, java.lang.Object, java.lang.Object)'> (0x0000000091c612c0) 
thrown [s\open\src\hotspot\share\interpreter\linkResolver.cpp, line 773]
Event: 0.799 Thread 0x00000194275f40f0 Exception <a 'java/lang/IncompatibleClassChangeError'{0x0000000091b23580}: Found class java.lang.Object, but interface was expected> (0x0000000091b23580) 
thrown [s\open\src\hotspot\share\interpreter\linkResolver.cpp, line 840]
Event: 1.571 Thread 0x00000194275f40f0 Exception <a 'java/lang/NoSuchMethodError'{0x00000000919016d8}: 'java.lang.Object java.lang.invoke.Invokers$Holder.invokeExact_MT(java.lang.Object, java.lang.Object, java.lang.Object, java.lang.Object, java.lang.Object, java.lang.Object)'> (0x00000000919016d8) 
thrown [s\open\src\hotspot\share\interpreter\linkResolver.cpp, line 773]

ZGC Phase Switch (0 events):
No events

VM Operations (20 events):
Event: 0.405 Executing VM operation: HandshakeAllThreads (Deoptimize)
Event: 0.405 Executing VM operation: HandshakeAllThreads (Deoptimize) done
Event: 0.455 Executing VM operation: HandshakeAllThreads (Deoptimize)
Event: 0.455 Executing VM operation: HandshakeAllThreads (Deoptimize) done
Event: 0.456 Executing VM operation: HandshakeAllThreads (Deoptimize)
Event: 0.456 Executing VM operation: HandshakeAllThreads (Deoptimize) done
Event: 0.494 Executing VM operation: HandshakeAllThreads (Deoptimize)
Event: 0.494 Executing VM operation: HandshakeAllThreads (Deoptimize) done
Event: 0.536 Executing VM operation: HandshakeAllThreads (Deoptimize)
Event: 0.536 Executing VM operation: HandshakeAllThreads (Deoptimize) done
Event: 0.540 Executing VM operation: HandshakeAllThreads (Deoptimize)
Event: 0.540 Executing VM operation: HandshakeAllThreads (Deoptimize) done
Event: 0.542 Executing VM operation: HandshakeAllThreads (Deoptimize)
Event: 0.542 Executing VM operation: HandshakeAllThreads (Deoptimize) done
Event: 0.642 Executing VM operation: ICBufferFull
Event: 0.642 Executing VM operation: ICBufferFull done
Event: 0.662 Executing VM operation: G1CollectForAllocation (G1 Evacuation Pause)
Event: 0.672 Executing VM operation: G1CollectForAllocation (G1 Evacuation Pause) done
Event: 0.933 Executing VM operation: HandshakeAllThreads (Deoptimize)
Event: 0.933 Executing VM operation: HandshakeAllThreads (Deoptimize) done

Events (17 events):
Event: 0.025 Thread 0x00000194275f40f0 Thread added: 0x00000194275f40f0
Event: 0.039 Thread 0x000001943a2431b0 Thread added: 0x000001943a2431b0
Event: 0.039 Thread 0x000001943a2443b0 Thread added: 0x000001943a2443b0
Event: 0.039 Thread 0x000001943a245a70 Thread added: 0x000001943a245a70
Event: 0.039 Thread 0x000001943a2469b0 Thread added: 0x000001943a2469b0
Event: 0.039 Thread 0x000001943a24abd0 Thread added: 0x000001943a24abd0
Event: 0.039 Thread 0x000001943a26e050 Thread added: 0x000001943a26e050
Event: 0.039 Thread 0x000001943a272750 Thread added: 0x000001943a272750
Event: 0.107 Thread 0x000001943a48db60 Thread added: 0x000001943a48db60
Event: 0.115 Thread 0x000001943a49a870 Thread added: 0x000001943a49a870
Event: 0.125 Thread 0x000001943a4e7000 Thread added: 0x000001943a4e7000
Event: 0.349 Thread 0x000001943aafeeb0 Thread added: 0x000001943aafeeb0
Event: 0.353 Thread 0x000001943ab26b40 Thread added: 0x000001943ab26b40
Event: 0.470 Thread 0x000001943ab7eed0 Thread added: 0x000001943ab7eed0
Event: 0.481 Thread 0x000001943ac553d0 Thread added: 0x000001943ac553d0
Event: 0.501 Thread 0x000001943ac97250 Thread added: 0x000001943ac97250
Event: 1.067 Thread 0x0000019400550330 Thread added: 0x0000019400550330


Dynamic libraries:
0x00007ff642580000 - 0x00007ff642590000 	C:\Program Files\Java\jdk-21\bin\javaw.exe
0x00007ff8143a0000 - 0x00007ff814607000 	C:\WINDOWS\SYSTEM32\ntdll.dll
0x00007ff812320000 - 0x00007ff8123e9000 	C:\WINDOWS\System32\KERNEL32.DLL
0x00007ff811c10000 - 0x00007ff811fff000 	C:\WINDOWS\System32\KERNELBASE.dll
0x00007ff811ac0000 - 0x00007ff811c0b000 	C:\WINDOWS\System32\ucrtbase.dll
0x00007fffe9500000 - 0x00007fffe9519000 	C:\Program Files\Java\jdk-21\bin\jli.dll
0x00007ff80c8f0000 - 0x00007ff80c90b000 	C:\Program Files\Java\jdk-21\bin\VCRUNTIME140.dll
0x00007ff8125e0000 - 0x00007ff812694000 	C:\WINDOWS\System32\ADVAPI32.dll
0x00007ff812d30000 - 0x00007ff812dd9000 	C:\WINDOWS\System32\msvcrt.dll
0x00007ff812270000 - 0x00007ff812316000 	C:\WINDOWS\System32\sechost.dll
0x00007ff812fa0000 - 0x00007ff8130b8000 	C:\WINDOWS\System32\RPCRT4.dll
0x00007ff814190000 - 0x00007ff814355000 	C:\WINDOWS\System32\USER32.dll
0x00007ffff42b0000 - 0x00007ffff4543000 	C:\WINDOWS\WinSxS\amd64_microsoft.windows.common-controls_6595b64144ccf1df_6.0.26100.7309_none_3e05feeae336a044\COMCTL32.dll
0x00007ff8119d0000 - 0x00007ff8119f7000 	C:\WINDOWS\System32\win32u.dll
0x00007ff812240000 - 0x00007ff81226b000 	C:\WINDOWS\System32\GDI32.dll
0x00007ff812010000 - 0x00007ff81213c000 	C:\WINDOWS\System32\gdi32full.dll
0x00007ff811720000 - 0x00007ff8117c3000 	C:\WINDOWS\System32\msvcp_win.dll
0x00007ff809a70000 - 0x00007ff809a7b000 	C:\WINDOWS\SYSTEM32\VERSION.dll
0x00007ff8126a0000 - 0x00007ff8126d1000 	C:\WINDOWS\System32\IMM32.DLL
0x00007ff80c4f0000 - 0x00007ff80c4fc000 	C:\Program Files\Java\jdk-21\bin\vcruntime140_1.dll
0x00007fffac580000 - 0x00007fffac60e000 	C:\Program Files\Java\jdk-21\bin\msvcp140.dll
0x00007fff57740000 - 0x00007fff58455000 	C:\Program Files\Java\jdk-21\bin\server\jvm.dll
0x00007ff813880000 - 0x00007ff8138f4000 	C:\WINDOWS\System32\WS2_32.dll
0x00007ff809a30000 - 0x00007ff809a65000 	C:\WINDOWS\SYSTEM32\WINMM.dll
0x00007ff811350000 - 0x00007ff8113ae000 	C:\WINDOWS\SYSTEM32\POWRPROF.dll
0x00007ff811330000 - 0x00007ff811344000 	C:\WINDOWS\SYSTEM32\UMPDC.dll
0x00007ff8102a0000 - 0x00007ff8102bb000 	C:\WINDOWS\SYSTEM32\kernel.appcore.dll
0x00007ff80c430000 - 0x00007ff80c43a000 	C:\Program Files\Java\jdk-21\bin\jimage.dll
0x00007ff8038a0000 - 0x00007ff803ae2000 	C:\WINDOWS\SYSTEM32\DBGHELP.DLL
0x00007ff8130c0000 - 0x00007ff813446000 	C:\WINDOWS\System32\combase.dll
0x00007ff812e60000 - 0x00007ff812f36000 	C:\WINDOWS\System32\OLEAUT32.dll
0x00007ffff3030000 - 0x00007ffff306c000 	C:\WINDOWS\SYSTEM32\dbgcore.DLL
0x00007ff8114f0000 - 0x00007ff811595000 	C:\WINDOWS\System32\bcryptPrimitives.dll
0x00007fffe6480000 - 0x00007fffe649f000 	C:\Program Files\Java\jdk-21\bin\java.dll
0x00007ff8139c0000 - 0x00007ff814113000 	C:\WINDOWS\System32\SHELL32.dll
0x00007ff811860000 - 0x00007ff8119ca000 	C:\WINDOWS\System32\wintypes.dll
0x00007ff80f0f0000 - 0x00007ff80f94e000 	C:\WINDOWS\SYSTEM32\windows.storage.dll
0x00007ff812140000 - 0x00007ff812235000 	C:\WINDOWS\System32\SHCORE.dll
0x00007ff814120000 - 0x00007ff814186000 	C:\WINDOWS\System32\shlwapi.dll
0x00007ff811410000 - 0x00007ff811439000 	C:\WINDOWS\SYSTEM32\profapi.dll
0x00007ff80c410000 - 0x00007ff80c420000 	C:\Program Files\Java\jdk-21\bin\net.dll
0x00007ff806f70000 - 0x00007ff807098000 	C:\WINDOWS\SYSTEM32\WINHTTP.dll
0x00007ff810810000 - 0x00007ff81087b000 	C:\WINDOWS\system32\mswsock.dll
0x00007fffdc230000 - 0x00007fffdc246000 	C:\Program Files\Java\jdk-21\bin\nio.dll
0x00007fffdb180000 - 0x00007fffdb198000 	C:\Program Files\Java\jdk-21\bin\zip.dll
0x00007ffff62c0000 - 0x00007ffff62ca000 	C:\Program Files\Java\jdk-21\bin\management.dll
0x00007ffff4810000 - 0x00007ffff481b000 	C:\Program Files\Java\jdk-21\bin\management_ext.dll
0x00007ff813860000 - 0x00007ff813868000 	C:\WINDOWS\System32\PSAPI.DLL
0x00007fffeba70000 - 0x00007fffeba88000 	C:\WINDOWS\system32\napinsp.dll
0x00007ff80fd20000 - 0x00007ff80fe4c000 	C:\WINDOWS\SYSTEM32\DNSAPI.dll
0x00007ff80fc90000 - 0x00007ff80fcc4000 	C:\WINDOWS\SYSTEM32\IPHLPAPI.DLL
0x00007ff812700000 - 0x00007ff81270a000 	C:\WINDOWS\System32\NSI.dll
0x00007fffeba50000 - 0x00007fffeba62000 	C:\WINDOWS\System32\winrnr.dll
0x00007fffeba20000 - 0x00007fffeba42000 	C:\WINDOWS\system32\nlansp_c.dll
0x00007ff807180000 - 0x00007ff807196000 	C:\WINDOWS\system32\wshbth.dll
0x00007ff806be0000 - 0x00007ff806beb000 	C:\Windows\System32\rasadhlp.dll
0x00007ff80b820000 - 0x00007ff80b8a6000 	C:\WINDOWS\System32\fwpuclnt.dll
0x00007ff810ad0000 - 0x00007ff810aeb000 	C:\WINDOWS\SYSTEM32\CRYPTSP.dll
0x00007ff810200000 - 0x00007ff81023a000 	C:\WINDOWS\system32\rsaenh.dll
0x00007ff8108c0000 - 0x00007ff8108eb000 	C:\WINDOWS\SYSTEM32\USERENV.dll
0x00007ff8113e0000 - 0x00007ff81140a000 	C:\WINDOWS\SYSTEM32\bcrypt.dll
0x00007ff810af0000 - 0x00007ff810afc000 	C:\WINDOWS\SYSTEM32\CRYPTBASE.dll
0x00007ffff2030000 - 0x00007ffff2037000 	C:\Program Files\Java\jdk-21\bin\extnet.dll

dbghelp: loaded successfully - version: 4.0.5 - missing functions: none
symbol engine: initialized successfully - sym options: 0x614 - pdb path: .;C:\Program Files\Java\jdk-21\bin;C:\WINDOWS\SYSTEM32;C:\WINDOWS\WinSxS\amd64_microsoft.windows.common-controls_6595b64144ccf1df_6.0.26100.7309_none_3e05feeae336a044;C:\Program Files\Java\jdk-21\bin\server

VM Arguments:
jvm_args: -Dcom.sun.management.jmxremote -Dcom.sun.management.jmxremote.port=58318 -Dcom.sun.management.jmxremote.authenticate=false -Dcom.sun.management.jmxremote.ssl=false -Djava.rmi.server.hostname=localhost -Dspring.jmx.enabled=true -Dmanagement.endpoints.jmx.exposure.include=* -Dspring.application.admin.enabled=true -Dspring.output.ansi.enabled=always -XX:TieredStopAtLevel=1 -Dspring.boot.project.name=Api-Gateway -Dfile.encoding=UTF-8 -Dstdout.encoding=UTF-8 -Dstderr.encoding=UTF-8 -XX:+ShowCodeDetailsInExceptionMessages 
java_command: com.lpu.Api_Gateway.ApiGatewayApplication
java_class_path (initial): C:\Adv-java-microservices\Api-Gateway\target\classes;C:\Users\jomai\.m2\repository\org\springframework\cloud\spring-cloud-starter-gateway\4.1.5\spring-cloud-starter-gateway-4.1.5.jar;C:\Users\jomai\.m2\repository\org\springframework\cloud\spring-cloud-starter\4.1.4\spring-cloud-starter-4.1.4.jar;C:\Users\jomai\.m2\repository\org\springframework\cloud\spring-cloud-context\4.1.4\spring-cloud-context-4.1.4.jar;C:\Users\jomai\.m2\repository\org\springframework\security\spring-security-crypto\6.5.8\spring-security-crypto-6.5.8.jar;C:\Users\jomai\.m2\repository\org\springframework\cloud\spring-cloud-commons\4.1.4\spring-cloud-commons-4.1.4.jar;C:\Users\jomai\.m2\repository\org\springframework\security\spring-security-rsa\1.1.3\spring-security-rsa-1.1.3.jar;C:\Users\jomai\.m2\repository\org\bouncycastle\bcprov-jdk18on\1.78\bcprov-jdk18on-1.78.jar;C:\Users\jomai\.m2\repository\org\springframework\cloud\spring-cloud-gateway-server\4.1.5\spring-cloud-gateway-server-4.1.5.jar;C:\Users\jomai\.m2\repository\org\springframework\boot\spring-boot-starter-validation\3.5.11\spring-boot-starter-validation-3.5.11.jar;C:\Users\jomai\.m2\repository\org\apache\tomcat\embed\tomcat-embed-el\10.1.52\tomcat-embed-el-10.1.52.jar;C:\Users\jomai\.m2\repository\org\hibernate\validator\hibernate-validator\8.0.3.Final\hibernate-validator-8.0.3.Final.jar;C:\Users\jomai\.m2\repository\jakarta\validation\jakarta.validation-api\3.0.2\jakarta.validation-api-3.0.2.jar;C:\Users\jomai\.m2\repository\org\jboss\logging\jboss-logging\3.6.2.Final\jboss-logging-3.6.2.Final.jar;C:\Users\jomai\.m2\repository\com\fasterxml\classmate\1.7.3\classmate-1.7.3.jar;C:\Users\jomai\.m2\repository\io\projectreactor\addons\reactor-extra\3.5.4\reactor-extra-3.5.4.jar;C:\Users\jomai\.m2\repository\org\springframework\boot\spring-boot-starter-webflux\3.5.11\spring-boot-starter-webflux-3.5.11.jar;C:\Users\jomai\.m2\repository\org\springframework\boot\spring-boot-starter-json\3.5.11\spring-boot-starter-json-3.5.11.jar;C:\Users\jomai\.m2\repository\com\fasterxml\jackson\core\jackson-databind\2.19.4\jackson-databind-2.19.4.jar;C:\Users\jomai\.m2\repository\com\fasterxml\jackson\datatype\jackson-datatype-jdk8\2.19.4\jackson-datatype-jdk8-2.19.4.jar;C:\Users\jomai\.m2\repository\com\fasterxml\jackson\datatype\jackson-datatype-jsr310\2.19.4\jackson-datatype-jsr310-2.19.4.jar;C:\Users\jomai\.m2\repository\com\fasterxml\jackson\module\jackson-module-parameter-names\2.19.4\jackson-module-parameter-names-2.19.4.jar;C:\Users\jomai\.m2\repository\org\springframework\boot\spring-boot-starter-reactor-netty\3.5.11\spring-boot-starter-reactor-netty-3.5.11.jar;C:\Users\jomai\.m2\repository\io\projectreactor\netty\reactor-netty-http\1.2.15\reactor-netty-http-1.2.15.jar;C:\Users\jomai\.m2\repository\io\netty\netty-codec-http\4.1.131.Final\netty-codec-http-4.1.131.Final.jar;C:\Users\jomai\.m2\repository\io\netty\netty-common\4.1.131.Final\netty-common-4.1.131.Final.jar;C:\Users\jomai\.m2\repository\io\netty\netty-buffer\4.1.131.Final\netty-buffer-4.1.131.Final.jar;C:\Users\jomai\.m2\repository\io\netty\netty-transport\4.1.131.Final\netty-transport-4.1.131.Final.jar;C:\Users\jomai\.m2\repository\io\netty\netty-codec\4.1.131.Final\netty-codec-4.1.131.Final.jar;C:\Users\jomai\.m2\repository\io\netty\netty-handler\4.1.131.Final\netty-handler-4.1.131.Final.jar;C:\Users\jomai\.m2\repository\io\netty\netty-codec-http2\4.1.131.Final\netty-codec-http2-4.1.131.Final.jar;C:\Users\jomai\.m2\repository\io\netty\netty-resolver-dns\4.1.131.Final\netty-resolver-dns-4.1.131.Final.jar;C:\Users\jomai\.m2\repository\io\netty\netty-resolver\4.1.131.Final\netty-resolver-4.1.131.Final.jar;C:\Users\jomai\.m2\repository\io\netty\netty-codec-dns\4.1.131.Final\netty-codec-dns-4.1.131.Final.jar;C:\Users\jomai\.m2\repository\io\netty\netty-resolver-dns-native-macos\4.1.131.Final\netty-resolver-dns-native-macos-4.1.131.Final-osx-x86_64.jar;C:\Users\jomai\.m2\repository\io\netty\netty-resolver-dns-classes-macos\4.1.131.Final\netty-resolver-dns-classes-macos-4.1.131.Final.jar;C:\Users\jomai\.m2\repository\io\netty\netty-transport-native-epoll\4.1.131.Final\netty-transport-native-epoll-4.1.131.Final-linux-x86_64.jar;C:\Users\jomai\.m2\repository\io\netty\netty-transport-native-unix-common\4.1.131.Final\netty-transport-native-unix-common-4.1.131.Final.jar;C:\Users\jomai\.m2\repository\io\netty\netty-transport-classes-epoll\4.1.131.Final\netty-transport-classes-epoll-4.1.131.Final.jar;C:\Users\jomai\.m2\repository\io\projectreactor\netty\reactor-netty-core\1.2.15\reactor-netty-core-1.2.15.jar;C:\Users\jomai\.m2\repository\io\netty\netty-handler-proxy\4.1.131.Final\netty-handler-proxy-4.1.131.Final.jar;C:\Users\jomai\.m2\repository\io\netty\netty-codec-socks\4.1.131.Final\netty-codec-socks-4.1.131.Final.jar;C:\Users\jomai\.m2\repository\org\springframework\spring-web\6.2.16\spring-web-6.2.16.jar;C:\Users\jomai\.m2\repository\org\springframework\spring-beans\6.2.16\spring-beans-6.2.16.jar;C:\Users\jomai\.m2\repository\org\springframework\spring-webflux\6.2.16\spring-webflux-6.2.16.jar;C:\Users\jomai\.m2\repository\io\projectreactor\reactor-core\3.7.16\reactor-core-3.7.16.jar;C:\Users\jomai\.m2\repository\org\reactivestreams\reactive-streams\1.0.4\reactive-streams-1.0.4.jar;C:\Users\jomai\.m2\repository\org\springframework\boot\spring-boot-starter-actuator\3.5.11\spring-boot-starter-actuator-3.5.11.jar;C:\Users\jomai\.m2\repository\org\springframework\boot\spring-boot-actuator-autoconfigure\3.5.11\spring-boot-actuator-autoconfigure-3.5.11.jar;C:\Users\jomai\.m2\repository\org\springframework\boot\spring-boot-actuator\3.5.11\spring-boot-actuator-3.5.11.jar;C:\Users\jomai\.m2\repository\io\micrometer\micrometer-observation\1.15.9\micrometer-observation-1.15.9.jar;C:\Users\jomai\.m2\repository\io\micrometer\micrometer-commons\1.15.9\micrometer-commons-1.15.9.jar;C:\Users\jomai\.m2\repository\io\micrometer\micrometer-jakarta9\1.15.9\micrometer-jakarta9-1.15.9.jar;C:\Users\jomai\.m2\repository\io\micrometer\micrometer-core\1.15.9\micrometer-core-1.15.9.jar;C:\Users\jomai\.m2\repository\org\hdrhistogram\HdrHistogram\2.2.2\HdrHistogram-2.2.2.jar;C:\Users\jomai\.m2\repository\org\latencyutils\LatencyUtils\2.0.3\LatencyUtils-2.0.3.jar;C:\Users\jomai\.m2\repository\org\slf4j\slf4j-api\2.0.17\slf4j-api-2.0.17.jar;C:\Users\jomai\.m2\repository\org\springframework\spring-core\6.2.16\spring-core-6.2.16.jar;C:\Users\jomai\.m2\repository\org\springframework\spring-jcl\6.2.16\spring-jcl-6.2.16.jar;C:\Users\jomai\.m2\repository\org\springframework\boot\spring-boot-starter\3.5.11\spring-boot-starter-3.5.11.jar;C:\Users\jomai\.m2\repository\org\springframework\boot\spring-boot\3.5.11\spring-boot-3.5.11.jar;C:\Users\jomai\.m2\repository\org\springframework\spring-context\6.2.16\spring-context-6.2.16.jar;C:\Users\jomai\.m2\repository\org\springframework\spring-aop\6.2.16\spring-aop-6.2.16.jar;C:\Users\jomai\.m2\repository\org\springframework\spring-expression\6.2.16\spring-expression-6.2.16.jar;C:\Users\jomai\.m2\repository\org\springframework\boot\spring-boot-autoconfigure\3.5.11\spring-boot-autoconfigure-3.5.11.jar;C:\Users\jomai\.m2\repository\org\springframework\boot\spring-boot-starter-logging\3.5.11\spring-boot-starter-logging-3.5.11.jar;C:\Users\jomai\.m2\repository\ch\qos\logback\logback-classic\1.5.32\logback-classic-1.5.32.jar;C:\Users\jomai\.m2\repository\ch\qos\logback\logback-core\1.5.32\logback-core-1.5.32.jar;C:\Users\jomai\.m2\repository\org\apache\logging\log4j\log4j-to-slf4j\2.24.3\log4j-to-slf4j-2.24.3.jar;C:\Users\jomai\.m2\repository\org\apache\logging\log4j\log4j-api\2.24.3\log4j-api-2.24.3.jar;C:\Users\jomai\.m2\repository\org\slf4j\jul-to-slf4j\2.0.17\jul-to-slf4j-2.0.17.jar;C:\Users\jomai\.m2\repository\jakarta\annotation\jakarta.annotation-api\2.1.1\jakarta.annotation-api-2.1.1.jar;C:\Users\jomai\.m2\repository\org\yaml\snakeyaml\2.4\snakeyaml-2.4.jar;C:\Users\jomai\.m2\repository\org\springframework\cloud\spring-cloud-starter-netflix-eureka-client\4.1.3\spring-cloud-starter-netflix-eureka-client-4.1.3.jar;C:\Users\jomai\.m2\repository\org\springframework\cloud\spring-cloud-netflix-eureka-client\4.1.3\spring-cloud-netflix-eureka-client-4.1.3.jar;C:\Users\jomai\.m2\repository\org\apache\httpcomponents\client5\httpclient5\5.5.2\httpclient5-5.5.2.jar;C:\Users\jomai\.m2\repository\org\apache\httpcomponents\core5\httpcore5\5.3.6\httpcore5-5.3.6.jar;C:\Users\jomai\.m2\repository\org\apache\httpcomponents\core5\httpcore5-h2\5.3.6\httpcore5-h2-5.3.6.jar;C:\Users\jomai\.m2\repository\com\netflix\eureka\eureka-client\2.0.3\eureka-client-2.0.3.jar;C:\Users\jomai\.m2\repository\com\thoughtworks\xstream\xstream\1.4.20\xstream-1.4.20.jar;C:\Users\jomai\.m2\repository\io\github\x-stream\mxparser\1.2.2\mxparser-1.2.2.jar;C:\Users\jomai\.m2\repository\xmlpull\xmlpull\1.1.3.1\xmlpull-1.1.3.1.jar;C:\Users\jomai\.m2\repository\jakarta\ws\rs\jakarta.ws.rs-api\3.1.0\jakarta.ws.rs-api-3.1.0.jar;C:\Users\jomai\.m2\repository\jakarta\inject\jakarta.inject-api\2.0.1\jakarta.inject-api-2.0.1.jar;C:\Users\jomai\.m2\repository\com\netflix\spectator\spectator-api\1.7.3\spectator-api-1.7.3.jar;C:\Users\jomai\.m2\repository\org\apache\httpcomponents\httpclient\4.5.3\httpclient-4.5.3.jar;C:\Users\jomai\.m2\repository\org\apache\httpcomponents\httpcore\4.4.16\httpcore-4.4.16.jar;C:\Users\jomai\.m2\repository\commons-codec\commons-codec\1.18.0\commons-codec-1.18.0.jar;C:\Users\jomai\.m2\repository\commons-configuration\commons-configuration\1.10\commons-configuration-1.10.jar;C:\Users\jomai\.m2\repository\commons-lang\commons-lang\2.6\commons-lang-2.6.jar;C:\Users\jomai\.m2\repository\com\fasterxml\jackson\core\jackson-annotations\2.19.4\jackson-annotations-2.19.4.jar;C:\Users\jomai\.m2\repository\com\fasterxml\jackson\core\jackson-core\2.19.4\jackson-core-2.19.4.jar;C:\Users\jomai\.m2\repository\com\netflix\netflix-commons\netflix-eventbus\0.3.0\netflix-eventbus-0.3.0.jar;C:\Users\jomai\.m2\repository\com\netflix\netflix-commons\netflix-infix\0.3.0\netflix-infix-0.3.0.jar;C:\Users\jomai\.m2\repository\commons-jxpath\commons-jxpath\1.3\commons-jxpath-1.3.jar;C:\Users\jomai\.m2\repository\joda-time\joda-time\2.3\joda-time-2.3.jar;C:\Users\jomai\.m2\repository\org\antlr\antlr-runtime\3.4\antlr-runtime-3.4.jar;C:\Users\jomai\.m2\repository\org\antlr\stringtemplate\3.2.1\stringtemplate-3.2.1.jar;C:\Users\jomai\.m2\repository\antlr\antlr\2.7.7\antlr-2.7.7.jar;C:\Users\jomai\.m2\repository\com\google\code\gson\gson\2.13.2\gson-2.13.2.jar;C:\Users\jomai\.m2\repository\com\netflix\servo\servo-core\0.5.3\servo-core-0.5.3.jar;C:\Users\jomai\.m2\repository\org\apache\commons\commons-math\2.2\commons-math-2.2.jar;C:\Users\jomai\.m2\repository\javax\annotation\javax.annotation-api\1.2\javax.annotation-api-1.2.jar;C:\Users\jomai\.m2\repository\org\codehaus\jettison\jettison\1.5.4\jettison-1.5.4.jar;C:\Users\jomai\.m2\repository\com\netflix\eureka\eureka-core\2.0.3\eureka-core-2.0.3.jar;C:\Users\jomai\.m2\repository\com\fasterxml\woodstox\woodstox-core\6.2.1\woodstox-core-6.2.1.jar;C:\Users\jomai\.m2\repository\org\codehaus\woodstox\stax2-api\4.2.1\stax2-api-4.2.1.jar;C:\Users\jomai\.m2\repository\com\google\guava\guava\33.0.0-jre\guava-33.0.0-jre.jar;C:\Users\jomai\.m2\repository\com\google\guava\failureaccess\1.0.2\failureaccess-1.0.2.jar;C:\Users\jomai\.m2\repository\com\google\guava\listenablefuture\9999.0-empty-to-avoid-conflict-with-guava\listenablefuture-9999.0-empty-to-avoid-conflict-with-guava.jar;C:\Users\jomai\.m2\repository\org\checkerframework\checker-qual\3.41.0\checker-qual-3.41.0.jar;C:\Users\jomai\.m2\repository\com\google\errorprone\error_prone_annotations\2.23.0\error_prone_annotations-2.23.0.jar;C:\Users\jomai\.m2\repository\com\google\j2objc\j2objc-annotations\2.8\j2objc-annotations-2.8.jar;C:\Users\jomai\.m2\repository\org\springframework\cloud\spring-cloud-starter-loadbalancer\4.1.4\spring-cloud-starter-loadbalancer-4.1.4.jar;C:\Users\jomai\.m2\repository\org\springframework\cloud\spring-cloud-loadbalancer\4.1.4\spring-cloud-loadbalancer-4.1.4.jar;C:\Users\jomai\.m2\repository\org\springframework\boot\spring-boot-starter-cache\3.5.11\spring-boot-starter-cache-3.5.11.jar;C:\Users\jomai\.m2\repository\org\springframework\spring-context-support\6.2.16\spring-context-support-6.2.16.jar;C:\Users\jomai\.m2\repository\com\stoyanr\evictor\1.0.0\evictor-1.0.0.jar
Launcher Type: SUN_STANDARD

[Global flags]
     intx CICompilerCount                          = 4                                         {product} {ergonomic}
     uint ConcGCThreads                            = 3                                         {product} {ergonomic}
     uint G1ConcRefinementThreads                  = 10                                        {product} {ergonomic}
   size_t G1HeapRegionSize                         = 1048576                                   {product} {ergonomic}
    uintx GCDrainStackTargetSize                   = 64                                        {product} {ergonomic}
   size_t InitialHeapSize                          = 123731968                                 {product} {ergonomic}
     bool ManagementServer                         = true                                      {product} {command line}
   size_t MarkStackSize                            = 4194304                                   {product} {ergonomic}
   size_t MaxHeapSize                              = 1967128576                                {product} {ergonomic}
   size_t MaxNewSize                               = 1179648000                                {product} {ergonomic}
   size_t MinHeapDeltaBytes                        = 1048576                                   {product} {ergonomic}
   size_t MinHeapSize                              = 8388608                                   {product} {ergonomic}
    uintx NonNMethodCodeHeapSize                   = 4096                                   {pd product} {ergonomic}
    uintx NonProfiledCodeHeapSize                  = 0                                      {pd product} {ergonomic}
     bool ProfileInterpreter                       = false                                  {pd product} {command line}
    uintx ProfiledCodeHeapSize                     = 0                                      {pd product} {ergonomic}
     bool ShowCodeDetailsInExceptionMessages       = true                                   {manageable} {command line}
   size_t SoftMaxHeapSize                          = 1967128576                             {manageable} {ergonomic}
     intx TieredStopAtLevel                        = 1                                         {product} {command line}
     bool UseCompressedOops                        = true                           {product lp64_product} {ergonomic}
     bool UseG1GC                                  = true                                      {product} {ergonomic}
     bool UseLargePagesIndividualAllocation        = false                                  {pd product} {ergonomic}

Logging:
Log output configuration:
 #0: stdout all=warning uptime,level,tags foldmultilines=false
 #1: stderr all=off uptime,level,tags foldmultilines=false

Environment Variables:
JAVA_HOME=C:\Program Files\Java\jdk-21
PATH=C:/Users/jomai/Downloads/spring-tools-for-eclipse-5.0.1.RELEASE-e4.38.0-win32.win32.x86_64/sts-5.0.1.RELEASE//plugins/org.eclipse.justj.openjdk.hotspot.jre.full.win32.x86_64_25.0.1.v20251108-1451/jre/bin/server;C:/Users/jomai/Downloads/spring-tools-for-eclipse-5.0.1.RELEASE-e4.38.0-win32.win32.x86_64/sts-5.0.1.RELEASE//plugins/org.eclipse.justj.openjdk.hotspot.jre.full.win32.x86_64_25.0.1.v20251108-1451/jre/bin;C:\oracle\product\10.2.0\db_1\bin;C:\Program Files\Common Files\Oracle\Java\javapath;C:\windows\system32;C:\windows;C:\windows\System32\Wbem;C:\windows\System32\WindowsPowerShell\v1.0\;C:\windows\System32\OpenSSH\;C:\Program Files\dotnet\;C:\Program Files\Java\jdk-21\bin;C:\Program Files\Git\cmd;C:\Program Files\HP\HP One Agent;C:\Users\jomai\AppData\Local\Programs\Python\Python312;C:\Users\jomai\AppData\Local\Programs\Python\Python312\Scripts;C:\Users\jomai\AppData\Roaming\Python\Python38\Scripts;C:\MinGW\bin;;C:\Program Files\DAX Studio;C:\Program Files\nodejs\;C:\WINDOWS\system32;C:\WINDOWS;C:\WINDOWS\System32\Wbem;C:\WINDOWS\System32\WindowsPowerShell\v1.0\;C:\WINDOWS\System32\OpenSSH\;C:\Program Files\Redis\;C:\Users\jomai\Downloads\winlibs-x86_64-posix-seh-gcc-15.2.0-mingw-w64msvcrt-13.0.0-r1\mingw64\bin;C:\Users\jomai\AppData\Local\Programs\Python\Python310\Scripts\;C:\Users\jomai\AppData\Local\Programs\Python\Python310\;C:\Users\jomai\AppData\Local\Programs\Python\Launcher\;C:\Users\jomai\AppData\Local\Programs\Python\Python314\Scripts\;C:\Users\jomai\AppData\Local\Programs\Python\Python314\;C:\Program Files\MySQL\MySQL Shell 8.0\bin\;C:\Program Files\Common Files\Oracle\Java\javapath;C:\windows\system32;C:\windows;C:\windows\System32\Wbem;C:\windows\System32\WindowsPowerShell\v1.0\;C:\windows\System32\OpenSSH\;C:\Program Files\dotnet\;C:\Program Files\Java\jdk-21\bin;C:\Program Files\Git\cmd;C:\Program Files\HP\HP One Agent;C:\Users\jomai\AppData\Local\Microsoft\WindowsApps;C:\Program Files\JetBrains\IntelliJ IDEA Community Edition 2023.3.2\bin;C:\Python34\Scripts;C:\Users\jomai\AppData\Local\Programs\Python\Python312;C:\Users\jomai\AppData\Local\Programs\Python\Python312\Scripts;C:\Users\jomai\AppData\Roaming\Python\Python38\Scripts;C:\Users\jomai\AppData\Roaming\npm;C:\Users\jomai\AppData\Local\Programs\Microsoft VS Code\bin;C:\Users\jomai\AppData\Local\Microsoft\WindowsApps;;C:\Users\jomai\Downloads\spring-tools-for-eclipse-5.0.1.RELEASE-e4.38.0-win32.win32.x86_64\sts-5.0.1.RELEASE;
USERNAME=jomai
OS=Windows_NT
PROCESSOR_IDENTIFIER=AMD64 Family 23 Model 104 Stepping 1, AuthenticAMD
TMP=C:\Users\jomai\AppData\Local\Temp
TEMP=C:\Users\jomai\AppData\Local\Temp




Periodic native trim disabled

---------------  S Y S T E M  ---------------

OS:
 Windows 11 , 64 bit Build 26100 (10.0.26100.7623)
OS uptime: 0 days 2:06 hours
Hyper-V role detected

CPU: total 12 (initial active 12) (12 cores per cpu, 2 threads per core) family 23 model 104 stepping 1 microcode 0x8608107, cx8, cmov, fxsr, ht, mmx, 3dnowpref, sse, sse2, sse3, ssse3, sse4a, sse4.1, sse4.2, popcnt, lzcnt, tsc, tscinvbit, avx, avx2, aes, clmul, bmi1, bmi2, adx, sha, fma, vzeroupper, clflush, clflushopt, hv, rdtscp, rdpid, f16c
Processor Information for processor 0
  Max Mhz: 2100, Current Mhz: 2100, Mhz Limit: 2100
Processor Information for processor 1
  Max Mhz: 2100, Current Mhz: 1988, Mhz Limit: 2100
Processor Information for processor 2
  Max Mhz: 2100, Current Mhz: 2100, Mhz Limit: 2100
Processor Information for processor 3
  Max Mhz: 2100, Current Mhz: 1988, Mhz Limit: 2100
Processor Information for processor 4
  Max Mhz: 2100, Current Mhz: 2100, Mhz Limit: 2100
Processor Information for processor 5
  Max Mhz: 2100, Current Mhz: 1988, Mhz Limit: 2100
Processor Information for processor 6
  Max Mhz: 2100, Current Mhz: 2100, Mhz Limit: 2100
Processor Information for processor 7
  Max Mhz: 2100, Current Mhz: 1988, Mhz Limit: 2100
Processor Information for processor 8
  Max Mhz: 2100, Current Mhz: 1988, Mhz Limit: 2100
Processor Information for processor 9
  Max Mhz: 2100, Current Mhz: 1988, Mhz Limit: 2100
Processor Information for processor 10
  Max Mhz: 2100, Current Mhz: 2100, Mhz Limit: 2100
Processor Information for processor 11
  Max Mhz: 2100, Current Mhz: 2100, Mhz Limit: 2100

Memory: 4k page, system-wide physical 7501M (1237M free)
TotalPageFile size 15311M (AvailPageFile size 177M)
current process WorkingSet (physical memory assigned to process): 89M, peak: 89M
current process commit charge ("private bytes"): 221M, peak: 221M

vm_info: Java HotSpot(TM) 64-Bit Server VM (21.0.1+12-LTS-29) for windows-amd64 JRE (21.0.1+12-LTS-29), built on 2023-10-05T13:27:09Z by "mach5one" with MS VC++ 17.1 (VS2022)

END.
